Archive member included to satisfy reference by file (symbol)

c:/ti/ccs910/ccs/tools/compiler/gcc-arm-none-eabi-7-2017-q4-major-win32/bin/../lib/gcc/arm-none-eabi/7.2.1/../../../../arm-none-eabi/lib/thumb/v7-ar\libg.a(lib_a-exit.o)
                              c:/ti/ccs910/ccs/tools/compiler/gcc-arm-none-eabi-7-2017-q4-major-win32/bin/../lib/gcc/arm-none-eabi/7.2.1/../../../../arm-none-eabi/lib/thumb/v7-ar/rdimon-crt0.o (exit)
c:/ti/ccs910/ccs/tools/compiler/gcc-arm-none-eabi-7-2017-q4-major-win32/bin/../lib/gcc/arm-none-eabi/7.2.1/../../../../arm-none-eabi/lib/thumb/v7-ar\libg.a(lib_a-impure.o)
                              c:/ti/ccs910/ccs/tools/compiler/gcc-arm-none-eabi-7-2017-q4-major-win32/bin/../lib/gcc/arm-none-eabi/7.2.1/../../../../arm-none-eabi/lib/thumb/v7-ar\libg.a(lib_a-exit.o) (_global_impure_ptr)
c:/ti/ccs910/ccs/tools/compiler/gcc-arm-none-eabi-7-2017-q4-major-win32/bin/../lib/gcc/arm-none-eabi/7.2.1/../../../../arm-none-eabi/lib/thumb/v7-ar\libg.a(lib_a-init.o)
                              c:/ti/ccs910/ccs/tools/compiler/gcc-arm-none-eabi-7-2017-q4-major-win32/bin/../lib/gcc/arm-none-eabi/7.2.1/../../../../arm-none-eabi/lib/thumb/v7-ar/rdimon-crt0.o (__libc_init_array)
c:/ti/ccs910/ccs/tools/compiler/gcc-arm-none-eabi-7-2017-q4-major-win32/bin/../lib/gcc/arm-none-eabi/7.2.1/../../../../arm-none-eabi/lib/thumb/v7-ar\libg.a(lib_a-memset.o)
                              c:/ti/ccs910/ccs/tools/compiler/gcc-arm-none-eabi-7-2017-q4-major-win32/bin/../lib/gcc/arm-none-eabi/7.2.1/../../../../arm-none-eabi/lib/thumb/v7-ar/rdimon-crt0.o (memset)
c:/ti/ccs910/ccs/tools/compiler/gcc-arm-none-eabi-7-2017-q4-major-win32/bin/../lib/gcc/arm-none-eabi/7.2.1/../../../../arm-none-eabi/lib/thumb/v7-ar\libg.a(lib_a-puts.o)
                              ./hello.o (puts)
c:/ti/ccs910/ccs/tools/compiler/gcc-arm-none-eabi-7-2017-q4-major-win32/bin/../lib/gcc/arm-none-eabi/7.2.1/../../../../arm-none-eabi/lib/thumb/v7-ar\libg.a(lib_a-strlen-stub.o)
                              c:/ti/ccs910/ccs/tools/compiler/gcc-arm-none-eabi-7-2017-q4-major-win32/bin/../lib/gcc/arm-none-eabi/7.2.1/../../../../arm-none-eabi/lib/thumb/v7-ar\libg.a(lib_a-puts.o) (strlen)
c:/ti/ccs910/ccs/tools/compiler/gcc-arm-none-eabi-7-2017-q4-major-win32/bin/../lib/gcc/arm-none-eabi/7.2.1/../../../../arm-none-eabi/lib/thumb/v7-ar\libg.a(lib_a-__call_atexit.o)
                              c:/ti/ccs910/ccs/tools/compiler/gcc-arm-none-eabi-7-2017-q4-major-win32/bin/../lib/gcc/arm-none-eabi/7.2.1/../../../../arm-none-eabi/lib/thumb/v7-ar\libg.a(lib_a-exit.o) (__call_exitprocs)
c:/ti/ccs910/ccs/tools/compiler/gcc-arm-none-eabi-7-2017-q4-major-win32/bin/../lib/gcc/arm-none-eabi/7.2.1/../../../../arm-none-eabi/lib/thumb/v7-ar\libg.a(lib_a-atexit.o)
                              c:/ti/ccs910/ccs/tools/compiler/gcc-arm-none-eabi-7-2017-q4-major-win32/bin/../lib/gcc/arm-none-eabi/7.2.1/../../../../arm-none-eabi/lib/thumb/v7-ar\libg.a(lib_a-__call_atexit.o) (atexit)
c:/ti/ccs910/ccs/tools/compiler/gcc-arm-none-eabi-7-2017-q4-major-win32/bin/../lib/gcc/arm-none-eabi/7.2.1/../../../../arm-none-eabi/lib/thumb/v7-ar\libg.a(lib_a-findfp.o)
                              c:/ti/ccs910/ccs/tools/compiler/gcc-arm-none-eabi-7-2017-q4-major-win32/bin/../lib/gcc/arm-none-eabi/7.2.1/../../../../arm-none-eabi/lib/thumb/v7-ar\libg.a(lib_a-puts.o) (__sinit)
c:/ti/ccs910/ccs/tools/compiler/gcc-arm-none-eabi-7-2017-q4-major-win32/bin/../lib/gcc/arm-none-eabi/7.2.1/../../../../arm-none-eabi/lib/thumb/v7-ar\libg.a(lib_a-fini.o)
                              c:/ti/ccs910/ccs/tools/compiler/gcc-arm-none-eabi-7-2017-q4-major-win32/bin/../lib/gcc/arm-none-eabi/7.2.1/../../../../arm-none-eabi/lib/thumb/v7-ar\libg.a(lib_a-__call_atexit.o) (__libc_fini_array)
c:/ti/ccs910/ccs/tools/compiler/gcc-arm-none-eabi-7-2017-q4-major-win32/bin/../lib/gcc/arm-none-eabi/7.2.1/../../../../arm-none-eabi/lib/thumb/v7-ar\libg.a(lib_a-fvwrite.o)
                              c:/ti/ccs910/ccs/tools/compiler/gcc-arm-none-eabi-7-2017-q4-major-win32/bin/../lib/gcc/arm-none-eabi/7.2.1/../../../../arm-none-eabi/lib/thumb/v7-ar\libg.a(lib_a-puts.o) (__sfvwrite_r)
c:/ti/ccs910/ccs/tools/compiler/gcc-arm-none-eabi-7-2017-q4-major-win32/bin/../lib/gcc/arm-none-eabi/7.2.1/../../../../arm-none-eabi/lib/thumb/v7-ar\libg.a(lib_a-fwalk.o)
                              c:/ti/ccs910/ccs/tools/compiler/gcc-arm-none-eabi-7-2017-q4-major-win32/bin/../lib/gcc/arm-none-eabi/7.2.1/../../../../arm-none-eabi/lib/thumb/v7-ar\libg.a(lib_a-findfp.o) (_fwalk)
c:/ti/ccs910/ccs/tools/compiler/gcc-arm-none-eabi-7-2017-q4-major-win32/bin/../lib/gcc/arm-none-eabi/7.2.1/../../../../arm-none-eabi/lib/thumb/v7-ar\libg.a(lib_a-lock.o)
                              c:/ti/ccs910/ccs/tools/compiler/gcc-arm-none-eabi-7-2017-q4-major-win32/bin/../lib/gcc/arm-none-eabi/7.2.1/../../../../arm-none-eabi/lib/thumb/v7-ar\libg.a(lib_a-findfp.o) (__retarget_lock_init_recursive)
[...]
Memory Configuration

Name             Origin             Length             Attributes
SRAM             0x402f0400         0x0000fc00
L3OCMC0          0x40300000         0x00010000
M3SHUMEM         0x44d00000         0x00004000
M3SHDMEM         0x44d80000         0x00002000
DDR0             0x80000000         0x40000000
*default*        0x00000000         0xffffffff

Linker script and memory map

LOAD c:/ti/ccs910/ccs/tools/compiler/gcc-arm-none-eabi-7-2017-q4-major-win32/bin/../lib/gcc/arm-none-eabi/7.2.1/thumb/v7-ar/crti.o
LOAD c:/ti/ccs910/ccs/tools/compiler/gcc-arm-none-eabi-7-2017-q4-major-win32/bin/../lib/gcc/arm-none-eabi/7.2.1/thumb/v7-ar/crtbegin.o
LOAD c:/ti/ccs910/ccs/tools/compiler/gcc-arm-none-eabi-7-2017-q4-major-win32/bin/../lib/gcc/arm-none-eabi/7.2.1/../../../../arm-none-eabi/lib/thumb/v7-ar/rdimon-crt0.o
                0x0001c000                STACKSIZE = 0x1c000
                0x00000400                HEAPSIZE = 0x400
LOAD ./hello.o
LOAD ./startup_ARMCA8.o

.rsthand        0x80000000       0x70
                0x80000000                . = ALIGN (0x10000)
 *(.isr_vector)
 .isr_vector    0x80000000       0x50 ./startup_ARMCA8.o
                0x80000000                __isr_vector
                0x8000004e                DEF_IRQHandler
 *startup_ARMCA8.o(.text)
 .text          0x80000050       0x20 ./startup_ARMCA8.o
                0x80000050                Entry
                0x80000070                . = ALIGN (0x4)

.text           0x80000070     0x2c48
 *(.text*)
 .text          0x80000070        0x0 c:/ti/ccs910/ccs/tools/compiler/gcc-arm-none-eabi-7-2017-q4-major-win32/bin/../lib/gcc/arm-none-eabi/7.2.1/thumb/v7-ar/crti.o
 .text          0x80000070       0x50 c:/ti/ccs910/ccs/tools/compiler/gcc-arm-none-eabi-7-2017-q4-major-win32/bin/../lib/gcc/arm-none-eabi/7.2.1/thumb/v7-ar/crtbegin.o
 .text          0x800000c0       0xe8 c:/ti/ccs910/ccs/tools/compiler/gcc-arm-none-eabi-7-2017-q4-major-win32/bin/../lib/gcc/arm-none-eabi/7.2.1/../../../../arm-none-eabi/lib/thumb/v7-ar/rdimon-crt0.o
                0x800000c0                _start
                0x800000c0                _mainCRTStartup
 .text          0x800001a8       0x18 ./hello.o
                0x800001a8                main
 .text          0x800001c0        0x0 c:/ti/ccs910/ccs/tools/compiler/gcc-arm-none-eabi-7-2017-q4-major-win32/bin/../lib/gcc/arm-none-eabi/7.2.1/../../../../arm-none-eabi/lib/thumb/v7-ar\libg.a(lib_a-exit.o)
 .text.exit     0x800001c0       0x20 c:/ti/ccs910/ccs/tools/compiler/gcc-arm-none-eabi-7-2017-q4-major-win32/bin/../lib/gcc/arm-none-eabi/7.2.1/../../../../arm-none-eabi/lib/thumb/v7-ar\libg.a(lib_a-exit.o)
                0x800001c0                exit
 .text          0x800001e0        0x0 c:/ti/ccs910/ccs/tools/compiler/gcc-arm-none-eabi-7-2017-q4-major-win32/bin/../lib/gcc/arm-none-eabi/7.2.1/../../../../arm-none-eabi/lib/thumb/v7-ar\libg.a(lib_a-impure.o)
 .text          0x800001e0        0x0 c:/ti/ccs910/ccs/tools/compiler/gcc-arm-none-eabi-7-2017-q4-major-win32/bin/../lib/gcc/arm-none-eabi/7.2.1/../../../../arm-none-eabi/lib/thumb/v7-ar\libg.a(lib_a-init.o)
 .text.__libc_init_array
                0x800001e0       0x50 c:/ti/ccs910/ccs/tools/compiler/gcc-arm-none-eabi-7-2017-q4-major-win32/bin/../lib/gcc/arm-none-eabi/7.2.1/../../../../arm-none-eabi/lib/thumb/v7-ar\libg.a(lib_a-init.o)
                0x800001e0                __libc_init_array
 .text          0x80000230        0x0 c:/ti/ccs910/ccs/tools/compiler/gcc-arm-none-eabi-7-2017-q4-major-win32/bin/../lib/gcc/arm-none-eabi/7.2.1/../../../../arm-none-eabi/lib/thumb/v7-ar\libg.a(lib_a-memset.o)
 .text.memset   0x80000230       0x98 c:/ti/ccs910/ccs/tools/compiler/gcc-arm-none-eabi-7-2017-q4-major-win32/bin/../lib/gcc/arm-none-eabi/7.2.1/../../../../arm-none-eabi/lib/thumb/v7-ar\libg.a(lib_a-memset.o)
                0x80000230                memset
 .text          0x800002c8        0x0 c:/ti/ccs910/ccs/tools/compiler/gcc-arm-none-eabi-7-2017-q4-major-win32/bin/../lib/gcc/arm-none-eabi/7.2.1/../../../../arm-none-eabi/lib/thumb/v7-ar\libg.a(lib_a-puts.o)
 .text._puts_r  0x800002c8       0xa0 c:/ti/ccs910/ccs/tools/compiler/gcc-arm-none-eabi-7-2017-q4-major-win32/bin/../lib/gcc/arm-none-eabi/7.2.1/../../../../arm-none-eabi/lib/thumb/v7-ar\libg.a(lib_a-puts.o)
                0x800002c8                _puts_r
 .text.puts     0x80000368       0x10 c:/ti/ccs910/ccs/tools/compiler/gcc-arm-none-eabi-7-2017-q4-major-win32/bin/../lib/gcc/arm-none-eabi/7.2.1/../../../../arm-none-eabi/lib/thumb/v7-ar\libg.a(lib_a-puts.o)
                0x80000368                puts
 .text          0x80000378        0x0 c:/ti/ccs910/ccs/tools/compiler/gcc-arm-none-eabi-7-2017-q4-major-win32/bin/../lib/gcc/arm-none-eabi/7.2.1/../../../../arm-none-eabi/lib/thumb/v7-ar\libg.a(lib_a-strlen-stub.o)
 .text.strlen   0x80000378       0x5c c:/ti/ccs910/ccs/tools/compiler/gcc-arm-none-eabi-7-2017-q4-major-win32/bin/../lib/gcc/arm-none-eabi/7.2.1/../../../../arm-none-eabi/lib/thumb/v7-ar\libg.a(lib_a-strlen-stub.o)
                0x80000378                strlen
 .text          0x800003d4        0x0 c:/ti/ccs910/ccs/tools/compiler/gcc-arm-none-eabi-7-2017-q4-major-win32/bin/../lib/gcc/arm-none-eabi/7.2.1/../../../../arm-none-eabi/lib/thumb/v7-ar\libg.a(lib_a-__call_atexit.o)
 .text.startup.register_fini
                0x800003d4       0x18 c:/ti/ccs910/ccs/tools/compiler/gcc-arm-none-eabi-7-2017-q4-major-win32/bin/../lib/gcc/arm-none-eabi/7.2.1/../../../../arm-none-eabi/lib/thumb/v7-ar\libg.a(lib_a-__call_atexit.o)
 .text.__call_exitprocs
                0x800003ec       0xf8 c:/ti/ccs910/ccs/tools/compiler/gcc-arm-none-eabi-7-2017-q4-major-win32/bin/../lib/gcc/arm-none-eabi/7.2.1/../../../../arm-none-eabi/lib/thumb/v7-ar\libg.a(lib_a-__call_atexit.o)
                0x800003ec                __call_exitprocs
 .text          0x800004e4        0x0 c:/ti/ccs910/ccs/tools/compiler/gcc-arm-none-eabi-7-2017-q4-major-win32/bin/../lib/gcc/arm-none-eabi/7.2.1/../../../../arm-none-eabi/lib/thumb/v7-ar\libg.a(lib_a-atexit.o)
 .text.atexit   0x800004e4        0xc c:/ti/ccs910/ccs/tools/compiler/gcc-arm-none-eabi-7-2017-q4-major-win32/bin/../lib/gcc/arm-none-eabi/7.2.1/../../../../arm-none-eabi/lib/thumb/v7-ar\libg.a(lib_a-atexit.o)
                0x800004e4                atexit
 .text          0x800004f0        0x0 c:/ti/ccs910/ccs/tools/compiler/gcc-arm-none-eabi-7-2017-q4-major-win32/bin/../lib/gcc/arm-none-eabi/7.2.1/../../../../arm-none-eabi/lib/thumb/v7-ar\libg.a(lib_a-findfp.o)
 .text.std      0x800004f0       0x58 c:/ti/ccs910/ccs/tools/compiler/gcc-arm-none-eabi-7-2017-q4-major-win32/bin/../lib/gcc/arm-none-eabi/7.2.1/../../../../arm-none-eabi/lib/thumb/v7-ar\libg.a(lib_a-findfp.o)
 .text._cleanup_r
                0x80000548        0xc c:/ti/ccs910/ccs/tools/compiler/gcc-arm-none-eabi-7-2017-q4-major-win32/bin/../lib/gcc/arm-none-eabi/7.2.1/../../../../arm-none-eabi/lib/thumb/v7-ar\libg.a(lib_a-findfp.o)
                0x80000548                _cleanup_r
 .text.__fp_lock
                0x80000554       0x1c c:/ti/ccs910/ccs/tools/compiler/gcc-arm-none-eabi-7-2017-q4-major-win32/bin/../lib/gcc/arm-none-eabi/7.2.1/../../../../arm-none-eabi/lib/thumb/v7-ar\libg.a(lib_a-findfp.o)
 .text.__fp_unlock
                0x80000570       0x1c c:/ti/ccs910/ccs/tools/compiler/gcc-arm-none-eabi-7-2017-q4-major-win32/bin/../lib/gcc/arm-none-eabi/7.2.1/../../../../arm-none-eabi/lib/thumb/v7-ar\libg.a(lib_a-findfp.o)
 .text.__sfmoreglue
                0x8000058c       0x30 c:/ti/ccs910/ccs/tools/compiler/gcc-arm-none-eabi-7-2017-q4-major-win32/bin/../lib/gcc/arm-none-eabi/7.2.1/../../../../arm-none-eabi/lib/thumb/v7-ar\libg.a(lib_a-findfp.o)
                0x8000058c                __sfmoreglue
 .text._cleanup
                0x800005bc       0x18 c:/ti/ccs910/ccs/tools/compiler/gcc-arm-none-eabi-7-2017-q4-major-win32/bin/../lib/gcc/arm-none-eabi/7.2.1/../../../../arm-none-eabi/lib/thumb/v7-ar\libg.a(lib_a-findfp.o)
                0x800005bc                _cleanup
 .text.__sinit  0x800005d4       0x70 c:/ti/ccs910/ccs/tools/compiler/gcc-arm-none-eabi-7-2017-q4-major-win32/bin/../lib/gcc/arm-none-eabi/7.2.1/../../../../arm-none-eabi/lib/thumb/v7-ar\libg.a(lib_a-findfp.o)
                0x800005d4                __sinit
 .text.__sfp    0x80000644       0xb4 c:/ti/ccs910/ccs/tools/compiler/gcc-arm-none-eabi-7-2017-q4-major-win32/bin/../lib/gcc/arm-none-eabi/7.2.1/../../../../arm-none-eabi/lib/thumb/v7-ar\libg.a(lib_a-findfp.o)
                0x80000644                __sfp
 .text.__sfp_lock_acquire
                0x800006f8        0xc c:/ti/ccs910/ccs/tools/compiler/gcc-arm-none-eabi-7-2017-q4-major-win32/bin/../lib/gcc/arm-none-eabi/7.2.1/../../../../arm-none-eabi/lib/thumb/v7-ar\libg.a(lib_a-findfp.o)
                0x800006f8                __sfp_lock_acquire
 .text.__sfp_lock_release
                0x80000704        0xc c:/ti/ccs910/ccs/tools/compiler/gcc-arm-none-eabi-7-2017-q4-major-win32/bin/../lib/gcc/arm-none-eabi/7.2.1/../../../../arm-none-eabi/lib/thumb/v7-ar\libg.a(lib_a-findfp.o)
                0x80000704                __sfp_lock_release
 .text.__sinit_lock_acquire
                0x80000710        0xc c:/ti/ccs910/ccs/tools/compiler/gcc-arm-none-eabi-7-2017-q4-major-win32/bin/../lib/gcc/arm-none-eabi/7.2.1/../../../../arm-none-eabi/lib/thumb/v7-ar\libg.a(lib_a-findfp.o)
                0x80000710                __sinit_lock_acquire
 .text.__sinit_lock_release
                0x8000071c        0xc c:/ti/ccs910/ccs/tools/compiler/gcc-arm-none-eabi-7-2017-q4-major-win32/bin/../lib/gcc/arm-none-eabi/7.2.1/../../../../arm-none-eabi/lib/thumb/v7-ar\libg.a(lib_a-findfp.o)
                0x8000071c                __sinit_lock_release
 .text.__fp_lock_all
                0x80000728       0x28 c:/ti/ccs910/ccs/tools/compiler/gcc-arm-none-eabi-7-2017-q4-major-win32/bin/../lib/gcc/arm-none-eabi/7.2.1/../../../../arm-none-eabi/lib/thumb/v7-ar\libg.a(lib_a-findfp.o)
                0x80000728                __fp_lock_all
 .text.__fp_unlock_all
                0x80000750       0x28 c:/ti/ccs910/ccs/tools/compiler/gcc-arm-none-eabi-7-2017-q4-major-win32/bin/../lib/gcc/arm-none-eabi/7.2.1/../../../../arm-none-eabi/lib/thumb/v7-ar\libg.a(lib_a-findfp.o)
                0x80000750                __fp_unlock_all
 .text          0x80000778        0x0 c:/ti/ccs910/ccs/tools/compiler/gcc-arm-none-eabi-7-2017-q4-major-win32/bin/../lib/gcc/arm-none-eabi/7.2.1/../../../../arm-none-eabi/lib/thumb/v7-ar\libg.a(lib_a-fini.o)
 .text.__libc_fini_array
                0x80000778       0x30 c:/ti/ccs910/ccs/tools/compiler/gcc-arm-none-eabi-7-2017-q4-major-win32/bin/../lib/gcc/arm-none-eabi/7.2.1/../../../../arm-none-eabi/lib/thumb/v7-ar\libg.a(lib_a-fini.o)
                0x80000778                __libc_fini_array
 .text          0x800007a8        0x0 c:/ti/ccs910/ccs/tools/compiler/gcc-arm-none-eabi-7-2017-q4-major-win32/bin/../lib/gcc/arm-none-eabi/7.2.1/../../../../arm-none-eabi/lib/thumb/v7-ar\libg.a(lib_a-fvwrite.o)
 .text.__sfvwrite_r
                0x800007a8      0x320 c:/ti/ccs910/ccs/tools/compiler/gcc-arm-none-eabi-7-2017-q4-major-win32/bin/../lib/gcc/arm-none-eabi/7.2.1/../../../../arm-none-eabi/lib/thumb/v7-ar\libg.a(lib_a-fvwrite.o)
                0x800007a8                __sfvwrite_r
 .text          0x80000ac8        0x0 c:/ti/ccs910/ccs/tools/compiler/gcc-arm-none-eabi-7-2017-q4-major-win32/bin/../lib/gcc/arm-none-eabi/7.2.1/../../../../arm-none-eabi/lib/thumb/v7-ar\libg.a(lib_a-fwalk.o)
 .text._fwalk   0x80000ac8       0x44 c:/ti/ccs910/ccs/tools/compiler/gcc-arm-none-eabi-7-2017-q4-major-win32/bin/../lib/gcc/arm-none-eabi/7.2.1/../../../../arm-none-eabi/lib/thumb/v7-ar\libg.a(lib_a-fwalk.o)
                0x80000ac8                _fwalk
 .text._fwalk_reent
                0x80000b0c       0x4c c:/ti/ccs910/ccs/tools/compiler/gcc-arm-none-eabi-7-2017-q4-major-win32/bin/../lib/gcc/arm-none-eabi/7.2.1/../../../../arm-none-eabi/lib/thumb/v7-ar\libg.a(lib_a-fwalk.o)
                0x80000b0c                _fwalk_reent
 .text          0x80000b58        0x0 c:/ti/ccs910/ccs/tools/compiler/gcc-arm-none-eabi-7-2017-q4-major-win32/bin/../lib/gcc/arm-none-eabi/7.2.1/../../../../arm-none-eabi/lib/thumb/v7-ar\libg.a(lib_a-lock.o)
 .text.__retarget_lock_init
                0x80000b58        0x4 c:/ti/ccs910/ccs/tools/compiler/gcc-arm-none-eabi-7-2017-q4-major-win32/bin/../lib/gcc/arm-none-eabi/7.2.1/../../../../arm-none-eabi/lib/thumb/v7-ar\libg.a(lib_a-lock.o)
                0x80000b58                __retarget_lock_init
 .text.__retarget_lock_init_recursive
                0x80000b5c        0x4 c:/ti/ccs910/ccs/tools/compiler/gcc-arm-none-eabi-7-2017-q4-major-win32/bin/../lib/gcc/arm-none-eabi/7.2.1/../../../../arm-none-eabi/lib/thumb/v7-ar\libg.a(lib_a-lock.o)
                0x80000b5c                __retarget_lock_init_recursive
 .text.__retarget_lock_close
                0x80000b60        0x4 c:/ti/ccs910/ccs/tools/compiler/gcc-arm-none-eabi-7-2017-q4-major-win32/bin/../lib/gcc/arm-none-eabi/7.2.1/../../../../arm-none-eabi/lib/thumb/v7-ar\libg.a(lib_a-lock.o)
                0x80000b60                __retarget_lock_close
 .text.__retarget_lock_close_recursive
                0x80000b64        0x4 c:/ti/ccs910/ccs/tools/compiler/gcc-arm-none-eabi-7-2017-q4-major-win32/bin/../lib/gcc/arm-none-eabi/7.2.1/../../../../arm-none-eabi/lib/thumb/v7-ar\libg.a(lib_a-lock.o)
                0x80000b64                __retarget_lock_close_recursive
 .text.__retarget_lock_acquire
                0x80000b68        0x4 c:/ti/ccs910/ccs/tools/compiler/gcc-arm-none-eabi-7-2017-q4-major-win32/bin/../lib/gcc/arm-none-eabi/7.2.1/../../../../arm-none-eabi/lib/thumb/v7-ar\libg.a(lib_a-lock.o)
                0x80000b68                __retarget_lock_acquire
 .text.__retarget_lock_acquire_recursive
                0x80000b6c        0x4 c:/ti/ccs910/ccs/tools/compiler/gcc-arm-none-eabi-7-2017-q4-major-win32/bin/../lib/gcc/arm-none-eabi/7.2.1/../../../../arm-none-eabi/lib/thumb/v7-ar\libg.a(lib_a-lock.o)
                0x80000b6c                __retarget_lock_acquire_recursive
 .text.__retarget_lock_try_acquire
                0x80000b70        0x4 c:/ti/ccs910/ccs/tools/compiler/gcc-arm-none-eabi-7-2017-q4-major-win32/bin/../lib/gcc/arm-none-eabi/7.2.1/../../../../arm-none-eabi/lib/thumb/v7-ar\libg.a(lib_a-lock.o)
                0x80000b70                __retarget_lock_try_acquire
 .text.__retarget_lock_try_acquire_recursive
                0x80000b74        0x4 c:/ti/ccs910/ccs/tools/compiler/gcc-arm-none-eabi-7-2017-q4-major-win32/bin/../lib/gcc/arm-none-eabi/7.2.1/../../../../arm-none-eabi/lib/thumb/v7-ar\libg.a(lib_a-lock.o)
                0x80000b74                __retarget_lock_try_acquire_recursive
 .text.__retarget_lock_release
                0x80000b78        0x4 c:/ti/ccs910/ccs/tools/compiler/gcc-arm-none-eabi-7-2017-q4-major-win32/bin/../lib/gcc/arm-none-eabi/7.2.1/../../../../arm-none-eabi/lib/thumb/v7-ar\libg.a(lib_a-lock.o)
                0x80000b78                __retarget_lock_release
 .text.__retarget_lock_release_recursive
                0x80000b7c        0x4 c:/ti/ccs910/ccs/tools/compiler/gcc-arm-none-eabi-7-2017-q4-major-win32/bin/../lib/gcc/arm-none-eabi/7.2.1/../../../../arm-none-eabi/lib/thumb/v7-ar\libg.a(lib_a-lock.o)
                0x80000b7c                __retarget_lock_release_recursive
 .text          0x80000b80        0x0 c:/ti/ccs910/ccs/tools/compiler/gcc-arm-none-eabi-7-2017-q4-major-win32/bin/../lib/gcc/arm-none-eabi/7.2.1/../../../../arm-none-eabi/lib/thumb/v7-ar\libg.a(lib_a-mallocr.o)
 .text._malloc_r
                0x80000b80      0x580 c:/ti/ccs910/ccs/tools/compiler/gcc-arm-none-eabi-7-2017-q4-major-win32/bin/../lib/gcc/arm-none-eabi/7.2.1/../../../../arm-none-eabi/lib/thumb/v7-ar\libg.a(lib_a-mallocr.o)
                0x80000b80                _malloc_r
 .text          0x80001100        0x0 c:/ti/ccs910/ccs/tools/compiler/gcc-arm-none-eabi-7-2017-q4-major-win32/bin/../lib/gcc/arm-none-eabi/7.2.1/../../../../arm-none-eabi/lib/thumb/v7-ar\libg.a(lib_a-memchr-stub.o)
 .text.memchr   0x80001100       0x8c c:/ti/ccs910/ccs/tools/compiler/gcc-arm-none-eabi-7-2017-q4-major-win32/bin/../lib/gcc/arm-none-eabi/7.2.1/../../../../arm-none-eabi/lib/thumb/v7-ar\libg.a(lib_a-memchr-stub.o)
                0x80001100                memchr
 .text          0x8000118c       0xec c:/ti/ccs910/ccs/tools/compiler/gcc-arm-none-eabi-7-2017-q4-major-win32/bin/../lib/gcc/arm-none-eabi/7.2.1/../../../../arm-none-eabi/lib/thumb/v7-ar\libg.a(lib_a-memcpy.o)
                0x8000118c                memcpy
 .text          0x80001278        0x0 c:/ti/ccs910/ccs/tools/compiler/gcc-arm-none-eabi-7-2017-q4-major-win32/bin/../lib/gcc/arm-none-eabi/7.2.1/../../../../arm-none-eabi/lib/thumb/v7-ar\libg.a(lib_a-memmove.o)
 .text.memmove  0x80001278       0xc8 c:/ti/ccs910/ccs/tools/compiler/gcc-arm-none-eabi-7-2017-q4-major-win32/bin/../lib/gcc/arm-none-eabi/7.2.1/../../../../arm-none-eabi/lib/thumb/v7-ar\libg.a(lib_a-memmove.o)
                0x80001278                memmove
 .text          0x80001340        0x0 c:/ti/ccs910/ccs/tools/compiler/gcc-arm-none-eabi-7-2017-q4-major-win32/bin/../lib/gcc/arm-none-eabi/7.2.1/../../../../arm-none-eabi/lib/thumb/v7-ar\libg.a(lib_a-mlock.o)
 .text.__malloc_lock
                0x80001340        0xc c:/ti/ccs910/ccs/tools/compiler/gcc-arm-none-eabi-7-2017-q4-major-win32/bin/../lib/gcc/arm-none-eabi/7.2.1/../../../../arm-none-eabi/lib/thumb/v7-ar\libg.a(lib_a-mlock.o)
                0x80001340                __malloc_lock
 .text.__malloc_unlock
                0x8000134c        0xc c:/ti/ccs910/ccs/tools/compiler/gcc-arm-none-eabi-7-2017-q4-major-win32/bin/../lib/gcc/arm-none-eabi/7.2.1/../../../../arm-none-eabi/lib/thumb/v7-ar\libg.a(lib_a-mlock.o)
                0x8000134c                __malloc_unlock
 .text          0x80001358        0x0 c:/ti/ccs910/ccs/tools/compiler/gcc-arm-none-eabi-7-2017-q4-major-win32/bin/../lib/gcc/arm-none-eabi/7.2.1/../../../../arm-none-eabi/lib/thumb/v7-ar\libg.a(lib_a-reallocr.o)
 .text._realloc_r
                0x80001358      0x35c c:/ti/ccs910/ccs/tools/compiler/gcc-arm-none-eabi-7-2017-q4-major-win32/bin/../lib/gcc/arm-none-eabi/7.2.1/../../../../arm-none-eabi/lib/thumb/v7-ar\libg.a(lib_a-reallocr.o)
                0x80001358                _realloc_r
 .text          0x800016b4        0x0 c:/ti/ccs910/ccs/tools/compiler/gcc-arm-none-eabi-7-2017-q4-major-win32/bin/../lib/gcc/arm-none-eabi/7.2.1/../../../../arm-none-eabi/lib/thumb/v7-ar\libg.a(lib_a-sbrkr.o)
 .text._sbrk_r  0x800016b4       0x28 c:/ti/ccs910/ccs/tools/compiler/gcc-arm-none-eabi-7-2017-q4-major-win32/bin/../lib/gcc/arm-none-eabi/7.2.1/../../../../arm-none-eabi/lib/thumb/v7-ar\libg.a(lib_a-sbrkr.o)
                0x800016b4                _sbrk_r
 .text          0x800016dc        0x0 c:/ti/ccs910/ccs/tools/compiler/gcc-arm-none-eabi-7-2017-q4-major-win32/bin/../lib/gcc/arm-none-eabi/7.2.1/../../../../arm-none-eabi/lib/thumb/v7-ar\libg.a(lib_a-stdio.o)
 .text.__sread  0x800016dc       0x24 c:/ti/ccs910/ccs/tools/compiler/gcc-arm-none-eabi-7-2017-q4-major-win32/bin/../lib/gcc/arm-none-eabi/7.2.1/../../../../arm-none-eabi/lib/thumb/v7-ar\libg.a(lib_a-stdio.o)
                0x800016dc                __sread
 .text.__seofread
                0x80001700        0x4 c:/ti/ccs910/ccs/tools/compiler/gcc-arm-none-eabi-7-2017-q4-major-win32/bin/../lib/gcc/arm-none-eabi/7.2.1/../../../../arm-none-eabi/lib/thumb/v7-ar\libg.a(lib_a-stdio.o)
                0x80001700                __seofread
 .text.__swrite
                0x80001704       0x3c c:/ti/ccs910/ccs/tools/compiler/gcc-arm-none-eabi-7-2017-q4-major-win32/bin/../lib/gcc/arm-none-eabi/7.2.1/../../../../arm-none-eabi/lib/thumb/v7-ar\libg.a(lib_a-stdio.o)
                0x80001704                __swrite
 .text.__sseek  0x80001740       0x20 c:/ti/ccs910/ccs/tools/compiler/gcc-arm-none-eabi-7-2017-q4-major-win32/bin/../lib/gcc/arm-none-eabi/7.2.1/../../../../arm-none-eabi/lib/thumb/v7-ar\libg.a(lib_a-stdio.o)
                0x80001740                __sseek
 .text.__sclose
                0x80001760        0x8 c:/ti/ccs910/ccs/tools/compiler/gcc-arm-none-eabi-7-2017-q4-major-win32/bin/../lib/gcc/arm-none-eabi/7.2.1/../../../../arm-none-eabi/lib/thumb/v7-ar\libg.a(lib_a-stdio.o)
                0x80001760                __sclose
 .text          0x80001768        0x0 c:/ti/ccs910/ccs/tools/compiler/gcc-arm-none-eabi-7-2017-q4-major-win32/bin/../lib/gcc/arm-none-eabi/7.2.1/../../../../arm-none-eabi/lib/thumb/v7-ar\libg.a(lib_a-writer.o)
 .text._write_r
                0x80001768       0x2c c:/ti/ccs910/ccs/tools/compiler/gcc-arm-none-eabi-7-2017-q4-major-win32/bin/../lib/gcc/arm-none-eabi/7.2.1/../../../../arm-none-eabi/lib/thumb/v7-ar\libg.a(lib_a-writer.o)
                0x80001768                _write_r
 .text          0x80001794        0x0 c:/ti/ccs910/ccs/tools/compiler/gcc-arm-none-eabi-7-2017-q4-major-win32/bin/../lib/gcc/arm-none-eabi/7.2.1/../../../../arm-none-eabi/lib/thumb/v7-ar\libg.a(lib_a-wsetup.o)
 .text.__swsetup_r
                0x80001794       0xc8 c:/ti/ccs910/ccs/tools/compiler/gcc-arm-none-eabi-7-2017-q4-major-win32/bin/../lib/gcc/arm-none-eabi/7.2.1/../../../../arm-none-eabi/lib/thumb/v7-ar\libg.a(lib_a-wsetup.o)
                0x80001794                __swsetup_r
 .text          0x8000185c        0x0 c:/ti/ccs910/ccs/tools/compiler/gcc-arm-none-eabi-7-2017-q4-major-win32/bin/../lib/gcc/arm-none-eabi/7.2.1/../../../../arm-none-eabi/lib/thumb/v7-ar\libg.a(lib_a-__atexit.o)
 .text.__register_exitproc
                0x8000185c       0xd0 c:/ti/ccs910/ccs/tools/compiler/gcc-arm-none-eabi-7-2017-q4-major-win32/bin/../lib/gcc/arm-none-eabi/7.2.1/../../../../arm-none-eabi/lib/thumb/v7-ar\libg.a(lib_a-__atexit.o)
                0x8000185c                __register_exitproc
 .text          0x8000192c        0x0 c:/ti/ccs910/ccs/tools/compiler/gcc-arm-none-eabi-7-2017-q4-major-win32/bin/../lib/gcc/arm-none-eabi/7.2.1/../../../../arm-none-eabi/lib/thumb/v7-ar\libg.a(lib_a-closer.o)
 .text._close_r
                0x8000192c       0x28 c:/ti/ccs910/ccs/tools/compiler/gcc-arm-none-eabi-7-2017-q4-major-win32/bin/../lib/gcc/arm-none-eabi/7.2.1/../../../../arm-none-eabi/lib/thumb/v7-ar\libg.a(lib_a-closer.o)
                0x8000192c                _close_r
 .text          0x80001954        0x0 c:/ti/ccs910/ccs/tools/compiler/gcc-arm-none-eabi-7-2017-q4-major-win32/bin/../lib/gcc/arm-none-eabi/7.2.1/../../../../arm-none-eabi/lib/thumb/v7-ar\libg.a(lib_a-fclose.o)
 .text._fclose_r
                0x80001954       0xd0 c:/ti/ccs910/ccs/tools/compiler/gcc-arm-none-eabi-7-2017-q4-major-win32/bin/../lib/gcc/arm-none-eabi/7.2.1/../../../../arm-none-eabi/lib/thumb/v7-ar\libg.a(lib_a-fclose.o)
                0x80001954                _fclose_r
 .text.fclose   0x80001a24       0x10 c:/ti/ccs910/ccs/tools/compiler/gcc-arm-none-eabi-7-2017-q4-major-win32/bin/../lib/gcc/arm-none-eabi/7.2.1/../../../../arm-none-eabi/lib/thumb/v7-ar\libg.a(lib_a-fclose.o)
                0x80001a24                fclose
 .text          0x80001a34        0x0 c:/ti/ccs910/ccs/tools/compiler/gcc-arm-none-eabi-7-2017-q4-major-win32/bin/../lib/gcc/arm-none-eabi/7.2.1/../../../../arm-none-eabi/lib/thumb/v7-ar\libg.a(lib_a-fflush.o)
 .text.__sflush_r
                0x80001a34      0x158 c:/ti/ccs910/ccs/tools/compiler/gcc-arm-none-eabi-7-2017-q4-major-win32/bin/../lib/gcc/arm-none-eabi/7.2.1/../../../../arm-none-eabi/lib/thumb/v7-ar\libg.a(lib_a-fflush.o)
                0x80001a34                __sflush_r
 .text._fflush_r
                0x80001b8c       0x5c c:/ti/ccs910/ccs/tools/compiler/gcc-arm-none-eabi-7-2017-q4-major-win32/bin/../lib/gcc/arm-none-eabi/7.2.1/../../../../arm-none-eabi/lib/thumb/v7-ar\libg.a(lib_a-fflush.o)
                0x80001b8c                _fflush_r
 .text.fflush   0x80001be8       0x28 c:/ti/ccs910/ccs/tools/compiler/gcc-arm-none-eabi-7-2017-q4-major-win32/bin/../lib/gcc/arm-none-eabi/7.2.1/../../../../arm-none-eabi/lib/thumb/v7-ar\libg.a(lib_a-fflush.o)
                0x80001be8                fflush
 .text          0x80001c10        0x0 c:/ti/ccs910/ccs/tools/compiler/gcc-arm-none-eabi-7-2017-q4-major-win32/bin/../lib/gcc/arm-none-eabi/7.2.1/../../../../arm-none-eabi/lib/thumb/v7-ar\libg.a(lib_a-freer.o)
 .text._malloc_trim_r
                0x80001c10       0xac c:/ti/ccs910/ccs/tools/compiler/gcc-arm-none-eabi-7-2017-q4-major-win32/bin/../lib/gcc/arm-none-eabi/7.2.1/../../../../arm-none-eabi/lib/thumb/v7-ar\libg.a(lib_a-freer.o)
                0x80001c10                _malloc_trim_r
 .text._free_r  0x80001cbc      0x1ec c:/ti/ccs910/ccs/tools/compiler/gcc-arm-none-eabi-7-2017-q4-major-win32/bin/../lib/gcc/arm-none-eabi/7.2.1/../../../../arm-none-eabi/lib/thumb/v7-ar\libg.a(lib_a-freer.o)
                0x80001cbc                _free_r
 .text          0x80001ea8        0x0 c:/ti/ccs910/ccs/tools/compiler/gcc-arm-none-eabi-7-2017-q4-major-win32/bin/../lib/gcc/arm-none-eabi/7.2.1/../../../../arm-none-eabi/lib/thumb/v7-ar\libg.a(lib_a-lseekr.o)
 .text._lseek_r
                0x80001ea8       0x2c c:/ti/ccs910/ccs/tools/compiler/gcc-arm-none-eabi-7-2017-q4-major-win32/bin/../lib/gcc/arm-none-eabi/7.2.1/../../../../arm-none-eabi/lib/thumb/v7-ar\libg.a(lib_a-lseekr.o)
                0x80001ea8                _lseek_r
 .text          0x80001ed4        0x0 c:/ti/ccs910/ccs/tools/compiler/gcc-arm-none-eabi-7-2017-q4-major-win32/bin/../lib/gcc/arm-none-eabi/7.2.1/../../../../arm-none-eabi/lib/thumb/v7-ar\libg.a(lib_a-makebuf.o)
 .text.__swhatbuf_r
                0x80001ed4       0x5c c:/ti/ccs910/ccs/tools/compiler/gcc-arm-none-eabi-7-2017-q4-major-win32/bin/../lib/gcc/arm-none-eabi/7.2.1/../../../../arm-none-eabi/lib/thumb/v7-ar\libg.a(lib_a-makebuf.o)
                0x80001ed4                __swhatbuf_r
 .text.__smakebuf_r
                0x80001f30       0x9c c:/ti/ccs910/ccs/tools/compiler/gcc-arm-none-eabi-7-2017-q4-major-win32/bin/../lib/gcc/arm-none-eabi/7.2.1/../../../../arm-none-eabi/lib/thumb/v7-ar\libg.a(lib_a-makebuf.o)
                0x80001f30                __smakebuf_r
 .text          0x80001fcc        0x0 c:/ti/ccs910/ccs/tools/compiler/gcc-arm-none-eabi-7-2017-q4-major-win32/bin/../lib/gcc/arm-none-eabi/7.2.1/../../../../arm-none-eabi/lib/thumb/v7-ar\libg.a(lib_a-readr.o)
 .text._read_r  0x80001fcc       0x2c c:/ti/ccs910/ccs/tools/compiler/gcc-arm-none-eabi-7-2017-q4-major-win32/bin/../lib/gcc/arm-none-eabi/7.2.1/../../../../arm-none-eabi/lib/thumb/v7-ar\libg.a(lib_a-readr.o)
                0x80001fcc                _read_r
 .text          0x80001ff8        0x0 c:/ti/ccs910/ccs/tools/compiler/gcc-arm-none-eabi-7-2017-q4-major-win32/bin/../lib/gcc/arm-none-eabi/7.2.1/../../../../arm-none-eabi/lib/thumb/v7-ar\libg.a(lib_a-reent.o)
 .text.cleanup_glue
                0x80001ff8       0x28 c:/ti/ccs910/ccs/tools/compiler/gcc-arm-none-eabi-7-2017-q4-major-win32/bin/../lib/gcc/arm-none-eabi/7.2.1/../../../../arm-none-eabi/lib/thumb/v7-ar\libg.a(lib_a-reent.o)
                0x80001ff8                cleanup_glue
 .text._reclaim_reent
                0x80002020       0x88 c:/ti/ccs910/ccs/tools/compiler/gcc-arm-none-eabi-7-2017-q4-major-win32/bin/../lib/gcc/arm-none-eabi/7.2.1/../../../../arm-none-eabi/lib/thumb/v7-ar\libg.a(lib_a-reent.o)
                0x80002020                _reclaim_reent
 .text          0x800020a8        0x0 c:/ti/ccs910/ccs/tools/compiler/gcc-arm-none-eabi-7-2017-q4-major-win32/bin/../lib/gcc/arm-none-eabi/7.2.1/../../../../arm-none-eabi/lib/thumb/v7-ar\libg.a(lib_a-fstatr.o)
 .text._fstat_r
                0x800020a8       0x2c c:/ti/ccs910/ccs/tools/compiler/gcc-arm-none-eabi-7-2017-q4-major-win32/bin/../lib/gcc/arm-none-eabi/7.2.1/../../../../arm-none-eabi/lib/thumb/v7-ar\libg.a(lib_a-fstatr.o)
                0x800020a8                _fstat_r
 .text          0x800020d4        0x0 c:/ti/ccs910/ccs/tools/compiler/gcc-arm-none-eabi-7-2017-q4-major-win32/bin/../lib/gcc/arm-none-eabi/7.2.1/../../../../arm-none-eabi/lib/thumb/v7-ar\libg.a(lib_a-isattyr.o)
 .text._isatty_r
                0x800020d4       0x28 c:/ti/ccs910/ccs/tools/compiler/gcc-arm-none-eabi-7-2017-q4-major-win32/bin/../lib/gcc/arm-none-eabi/7.2.1/../../../../arm-none-eabi/lib/thumb/v7-ar\libg.a(lib_a-isattyr.o)
                0x800020d4                _isatty_r
 *fill*         0x800020fc        0x4 
 .text          0x80002100      0x2b0 c:/ti/ccs910/ccs/tools/compiler/gcc-arm-none-eabi-7-2017-q4-major-win32/bin/../lib/gcc/arm-none-eabi/7.2.1/thumb/v7-ar\libgcc.a(_divsi3.o)
                0x80002100                __divsi3
                0x80002100                __aeabi_idiv
                0x80002394                __aeabi_idivmod
 .text          0x800023b0        0x4 c:/ti/ccs910/ccs/tools/compiler/gcc-arm-none-eabi-7-2017-q4-major-win32/bin/../lib/gcc/arm-none-eabi/7.2.1/thumb/v7-ar\libgcc.a(_dvmd_tls.o)
                0x800023b0                __aeabi_idiv0
                0x800023b0                __aeabi_ldiv0
 .text          0x800023b4        0x0 c:/ti/ccs910/ccs/tools/compiler/gcc-arm-none-eabi-7-2017-q4-major-win32/bin/../lib/gcc/arm-none-eabi/7.2.1/../../../../arm-none-eabi/lib/thumb/v7-ar\librdimon.a(rdimon-syscalls.o)
 .text.findslot
                0x800023b4       0x38 c:/ti/ccs910/ccs/tools/compiler/gcc-arm-none-eabi-7-2017-q4-major-win32/bin/../lib/gcc/arm-none-eabi/7.2.1/../../../../arm-none-eabi/lib/thumb/v7-ar\librdimon.a(rdimon-syscalls.o)
 .text.checkerror.part.0
                0x800023ec       0x1c c:/ti/ccs910/ccs/tools/compiler/gcc-arm-none-eabi-7-2017-q4-major-win32/bin/../lib/gcc/arm-none-eabi/7.2.1/../../../../arm-none-eabi/lib/thumb/v7-ar\librdimon.a(rdimon-syscalls.o)
 .text._swiread
                0x80002408       0x2c c:/ti/ccs910/ccs/tools/compiler/gcc-arm-none-eabi-7-2017-q4-major-win32/bin/../lib/gcc/arm-none-eabi/7.2.1/../../../../arm-none-eabi/lib/thumb/v7-ar\librdimon.a(rdimon-syscalls.o)
                0x80002408                _swiread
 .text._read    0x80002434       0x54 c:/ti/ccs910/ccs/tools/compiler/gcc-arm-none-eabi-7-2017-q4-major-win32/bin/../lib/gcc/arm-none-eabi/7.2.1/../../../../arm-none-eabi/lib/thumb/v7-ar\librdimon.a(rdimon-syscalls.o)
                0x80002434                _read
 .text._swilseek
                0x80002488       0xa8 c:/ti/ccs910/ccs/tools/compiler/gcc-arm-none-eabi-7-2017-q4-major-win32/bin/../lib/gcc/arm-none-eabi/7.2.1/../../../../arm-none-eabi/lib/thumb/v7-ar\librdimon.a(rdimon-syscalls.o)
                0x80002488                _swilseek
 .text._lseek   0x80002530        0x4 c:/ti/ccs910/ccs/tools/compiler/gcc-arm-none-eabi-7-2017-q4-major-win32/bin/../lib/gcc/arm-none-eabi/7.2.1/../../../../arm-none-eabi/lib/thumb/v7-ar\librdimon.a(rdimon-syscalls.o)
                0x80002530                _lseek
 .text._swiwrite
                0x80002534       0x2c c:/ti/ccs910/ccs/tools/compiler/gcc-arm-none-eabi-7-2017-q4-major-win32/bin/../lib/gcc/arm-none-eabi/7.2.1/../../../../arm-none-eabi/lib/thumb/v7-ar\librdimon.a(rdimon-syscalls.o)
                0x80002534                _swiwrite
 .text._write   0x80002560       0x78 c:/ti/ccs910/ccs/tools/compiler/gcc-arm-none-eabi-7-2017-q4-major-win32/bin/../lib/gcc/arm-none-eabi/7.2.1/../../../../arm-none-eabi/lib/thumb/v7-ar\librdimon.a(rdimon-syscalls.o)
                0x80002560                _write
 .text._swiclose
                0x800025d8       0x28 c:/ti/ccs910/ccs/tools/compiler/gcc-arm-none-eabi-7-2017-q4-major-win32/bin/../lib/gcc/arm-none-eabi/7.2.1/../../../../arm-none-eabi/lib/thumb/v7-ar\librdimon.a(rdimon-syscalls.o)
                0x800025d8                _swiclose
 .text._close   0x80002600       0x70 c:/ti/ccs910/ccs/tools/compiler/gcc-arm-none-eabi-7-2017-q4-major-win32/bin/../lib/gcc/arm-none-eabi/7.2.1/../../../../arm-none-eabi/lib/thumb/v7-ar\librdimon.a(rdimon-syscalls.o)
                0x80002600                _close
 .text._getpid  0x80002670        0x4 c:/ti/ccs910/ccs/tools/compiler/gcc-arm-none-eabi-7-2017-q4-major-win32/bin/../lib/gcc/arm-none-eabi/7.2.1/../../../../arm-none-eabi/lib/thumb/v7-ar\librdimon.a(rdimon-syscalls.o)
                0x80002670                _getpid
 .text._sbrk    0x80002674       0x54 c:/ti/ccs910/ccs/tools/compiler/gcc-arm-none-eabi-7-2017-q4-major-win32/bin/../lib/gcc/arm-none-eabi/7.2.1/../../../../arm-none-eabi/lib/thumb/v7-ar\librdimon.a(rdimon-syscalls.o)
                0x80002674                _sbrk
 .text._swistat
                0x800026c8       0x4c c:/ti/ccs910/ccs/tools/compiler/gcc-arm-none-eabi-7-2017-q4-major-win32/bin/../lib/gcc/arm-none-eabi/7.2.1/../../../../arm-none-eabi/lib/thumb/v7-ar\librdimon.a(rdimon-syscalls.o)
                0x800026c8                _swistat
 .text._fstat   0x80002714       0x1c c:/ti/ccs910/ccs/tools/compiler/gcc-arm-none-eabi-7-2017-q4-major-win32/bin/../lib/gcc/arm-none-eabi/7.2.1/../../../../arm-none-eabi/lib/thumb/v7-ar\librdimon.a(rdimon-syscalls.o)
                0x80002714                _fstat
 .text._stat    0x80002730       0x3c c:/ti/ccs910/ccs/tools/compiler/gcc-arm-none-eabi-7-2017-q4-major-win32/bin/../lib/gcc/arm-none-eabi/7.2.1/../../../../arm-none-eabi/lib/thumb/v7-ar\librdimon.a(rdimon-syscalls.o)
                0x80002730                _stat
 .text._swiopen
                0x8000276c       0xd8 c:/ti/ccs910/ccs/tools/compiler/gcc-arm-none-eabi-7-2017-q4-major-win32/bin/../lib/gcc/arm-none-eabi/7.2.1/../../../../arm-none-eabi/lib/thumb/v7-ar\librdimon.a(rdimon-syscalls.o)
                0x8000276c                _swiopen
 .text._open    0x80002844       0x14 c:/ti/ccs910/ccs/tools/compiler/gcc-arm-none-eabi-7-2017-q4-major-win32/bin/../lib/gcc/arm-none-eabi/7.2.1/../../../../arm-none-eabi/lib/thumb/v7-ar\librdimon.a(rdimon-syscalls.o)
                0x80002844                _open
 .text._get_semihosting_exts
                0x80002858       0xd4 c:/ti/ccs910/ccs/tools/compiler/gcc-arm-none-eabi-7-2017-q4-major-win32/bin/../lib/gcc/arm-none-eabi/7.2.1/../../../../arm-none-eabi/lib/thumb/v7-ar\librdimon.a(rdimon-syscalls.o)
                0x80002858                _get_semihosting_exts
 .text.initialise_semihosting_exts
                0x8000292c       0x40 c:/ti/ccs910/ccs/tools/compiler/gcc-arm-none-eabi-7-2017-q4-major-win32/bin/../lib/gcc/arm-none-eabi/7.2.1/../../../../arm-none-eabi/lib/thumb/v7-ar\librdimon.a(rdimon-syscalls.o)
 .text._has_ext_exit_extended
                0x8000296c       0x1c c:/ti/ccs910/ccs/tools/compiler/gcc-arm-none-eabi-7-2017-q4-major-win32/bin/../lib/gcc/arm-none-eabi/7.2.1/../../../../arm-none-eabi/lib/thumb/v7-ar\librdimon.a(rdimon-syscalls.o)
                0x8000296c                _has_ext_exit_extended
 .text._has_ext_stdout_stderr
                0x80002988       0x1c c:/ti/ccs910/ccs/tools/compiler/gcc-arm-none-eabi-7-2017-q4-major-win32/bin/../lib/gcc/arm-none-eabi/7.2.1/../../../../arm-none-eabi/lib/thumb/v7-ar\librdimon.a(rdimon-syscalls.o)
                0x80002988                _has_ext_stdout_stderr
 .text.initialise_monitor_handles
                0x800029a4      0x118 c:/ti/ccs910/ccs/tools/compiler/gcc-arm-none-eabi-7-2017-q4-major-win32/bin/../lib/gcc/arm-none-eabi/7.2.1/../../../../arm-none-eabi/lib/thumb/v7-ar\librdimon.a(rdimon-syscalls.o)
                0x800029a4                initialise_monitor_handles
 .text._link    0x80002abc       0x10 c:/ti/ccs910/ccs/tools/compiler/gcc-arm-none-eabi-7-2017-q4-major-win32/bin/../lib/gcc/arm-none-eabi/7.2.1/../../../../arm-none-eabi/lib/thumb/v7-ar\librdimon.a(rdimon-syscalls.o)
                0x80002abc                _link
 .text._unlink  0x80002acc       0x3c c:/ti/ccs910/ccs/tools/compiler/gcc-arm-none-eabi-7-2017-q4-major-win32/bin/../lib/gcc/arm-none-eabi/7.2.1/../../../../arm-none-eabi/lib/thumb/v7-ar\librdimon.a(rdimon-syscalls.o)
                0x80002acc                _unlink
 .text._gettimeofday
                0x80002b08       0x2c c:/ti/ccs910/ccs/tools/compiler/gcc-arm-none-eabi-7-2017-q4-major-win32/bin/../lib/gcc/arm-none-eabi/7.2.1/../../../../arm-none-eabi/lib/thumb/v7-ar\librdimon.a(rdimon-syscalls.o)
                0x80002b08                _gettimeofday
 .text._clock   0x80002b34       0x14 c:/ti/ccs910/ccs/tools/compiler/gcc-arm-none-eabi-7-2017-q4-major-win32/bin/../lib/gcc/arm-none-eabi/7.2.1/../../../../arm-none-eabi/lib/thumb/v7-ar\librdimon.a(rdimon-syscalls.o)
                0x80002b34                _clock
 .text._times   0x80002b48       0x20 c:/ti/ccs910/ccs/tools/compiler/gcc-arm-none-eabi-7-2017-q4-major-win32/bin/../lib/gcc/arm-none-eabi/7.2.1/../../../../arm-none-eabi/lib/thumb/v7-ar\librdimon.a(rdimon-syscalls.o)
                0x80002b48                _times
 .text._isatty  0x80002b68       0x3c c:/ti/ccs910/ccs/tools/compiler/gcc-arm-none-eabi-7-2017-q4-major-win32/bin/../lib/gcc/arm-none-eabi/7.2.1/../../../../arm-none-eabi/lib/thumb/v7-ar\librdimon.a(rdimon-syscalls.o)
                0x80002b68                _isatty
 .text._system  0x80002ba4       0x44 c:/ti/ccs910/ccs/tools/compiler/gcc-arm-none-eabi-7-2017-q4-major-win32/bin/../lib/gcc/arm-none-eabi/7.2.1/../../../../arm-none-eabi/lib/thumb/v7-ar\librdimon.a(rdimon-syscalls.o)
                0x80002ba4                _system
 .text._rename  0x80002be8       0x3c c:/ti/ccs910/ccs/tools/compiler/gcc-arm-none-eabi-7-2017-q4-major-win32/bin/../lib/gcc/arm-none-eabi/7.2.1/../../../../arm-none-eabi/lib/thumb/v7-ar\librdimon.a(rdimon-syscalls.o)
                0x80002be8                _rename
 .text          0x80002c24        0x0 c:/ti/ccs910/ccs/tools/compiler/gcc-arm-none-eabi-7-2017-q4-major-win32/bin/../lib/gcc/arm-none-eabi/7.2.1/../../../../arm-none-eabi/lib/thumb/v7-ar\librdimon.a(rdimon-_exit.o)
 .text._exit    0x80002c24        0x8 c:/ti/ccs910/ccs/tools/compiler/gcc-arm-none-eabi-7-2017-q4-major-win32/bin/../lib/gcc/arm-none-eabi/7.2.1/../../../../arm-none-eabi/lib/thumb/v7-ar\librdimon.a(rdimon-_exit.o)
                0x80002c24                _exit
 .text          0x80002c2c        0x0 c:/ti/ccs910/ccs/tools/compiler/gcc-arm-none-eabi-7-2017-q4-major-win32/bin/../lib/gcc/arm-none-eabi/7.2.1/../../../../arm-none-eabi/lib/thumb/v7-ar\librdimon.a(rdimon-_kill.o)
 .text._kill    0x80002c2c       0x34 c:/ti/ccs910/ccs/tools/compiler/gcc-arm-none-eabi-7-2017-q4-major-win32/bin/../lib/gcc/arm-none-eabi/7.2.1/../../../../arm-none-eabi/lib/thumb/v7-ar\librdimon.a(rdimon-_kill.o)
                0x80002c2c                _kill
 .text          0x80002c60        0x0 c:/ti/ccs910/ccs/tools/compiler/gcc-arm-none-eabi-7-2017-q4-major-win32/bin/../lib/gcc/arm-none-eabi/7.2.1/../../../../arm-none-eabi/lib/thumb/v7-ar\libc.a(lib_a-errno.o)
 .text.__errno  0x80002c60        0xc c:/ti/ccs910/ccs/tools/compiler/gcc-arm-none-eabi-7-2017-q4-major-win32/bin/../lib/gcc/arm-none-eabi/7.2.1/../../../../arm-none-eabi/lib/thumb/v7-ar\libc.a(lib_a-errno.o)
                0x80002c60                __errno
 .text          0x80002c6c        0x0 c:/ti/ccs910/ccs/tools/compiler/gcc-arm-none-eabi-7-2017-q4-major-win32/bin/../lib/gcc/arm-none-eabi/7.2.1/thumb/v7-ar/crtend.o
 .text          0x80002c6c        0x0 c:/ti/ccs910/ccs/tools/compiler/gcc-arm-none-eabi-7-2017-q4-major-win32/bin/../lib/gcc/arm-none-eabi/7.2.1/thumb/v7-ar/crtn.o
 *(.init)
 .init          0x80002c6c        0x4 c:/ti/ccs910/ccs/tools/compiler/gcc-arm-none-eabi-7-2017-q4-major-win32/bin/../lib/gcc/arm-none-eabi/7.2.1/thumb/v7-ar/crti.o
                0x80002c6c                _init
 .init          0x80002c70        0x8 c:/ti/ccs910/ccs/tools/compiler/gcc-arm-none-eabi-7-2017-q4-major-win32/bin/../lib/gcc/arm-none-eabi/7.2.1/thumb/v7-ar/crtn.o
 *(.fini)
 .fini          0x80002c78        0x4 c:/ti/ccs910/ccs/tools/compiler/gcc-arm-none-eabi-7-2017-q4-major-win32/bin/../lib/gcc/arm-none-eabi/7.2.1/thumb/v7-ar/crti.o
                0x80002c78                _fini
 .fini          0x80002c7c        0x8 c:/ti/ccs910/ccs/tools/compiler/gcc-arm-none-eabi-7-2017-q4-major-win32/bin/../lib/gcc/arm-none-eabi/7.2.1/thumb/v7-ar/crtn.o
 *crtbegin.o(.ctors)
 *crtbegin?.o(.ctors)
 *(EXCLUDE_FILE(*crtend.o *crtend?.o) .ctors)
 *(SORT_BY_NAME(.ctors.*))
 *(.ctors)
 *crtbegin.o(.dtors)
 *crtbegin?.o(.dtors)
 *(EXCLUDE_FILE(*crtend.o *crtend?.o) .dtors)
 *(SORT_BY_NAME(.dtors.*))
 *(.dtors)
 *(.rodata*)
 .rodata.str1.4
                0x80002c84        0xc ./hello.o
 .rodata._global_impure_ptr
                0x80002c90        0x4 c:/ti/ccs910/ccs/tools/compiler/gcc-arm-none-eabi-7-2017-q4-major-win32/bin/../lib/gcc/arm-none-eabi/7.2.1/../../../../arm-none-eabi/lib/thumb/v7-ar\libg.a(lib_a-impure.o)
                0x80002c90                _global_impure_ptr
 .rodata._puts_r.str1.4
                0x80002c94        0x2 c:/ti/ccs910/ccs/tools/compiler/gcc-arm-none-eabi-7-2017-q4-major-win32/bin/../lib/gcc/arm-none-eabi/7.2.1/../../../../arm-none-eabi/lib/thumb/v7-ar\libg.a(lib_a-puts.o)
 *fill*         0x80002c96        0x2 
 .rodata._get_semihosting_exts.str1.4
                0x80002c98       0x16 c:/ti/ccs910/ccs/tools/compiler/gcc-arm-none-eabi-7-2017-q4-major-win32/bin/../lib/gcc/arm-none-eabi/7.2.1/../../../../arm-none-eabi/lib/thumb/v7-ar\librdimon.a(rdimon-syscalls.o)
 *fill*         0x80002cae        0x2 
 .rodata.initialise_monitor_handles.str1.4
                0x80002cb0        0x4 c:/ti/ccs910/ccs/tools/compiler/gcc-arm-none-eabi-7-2017-q4-major-win32/bin/../lib/gcc/arm-none-eabi/7.2.1/../../../../arm-none-eabi/lib/thumb/v7-ar\librdimon.a(rdimon-syscalls.o)
 *(.eh_frame*)
 .eh_frame      0x80002cb4        0x0 c:/ti/ccs910/ccs/tools/compiler/gcc-arm-none-eabi-7-2017-q4-major-win32/bin/../lib/gcc/arm-none-eabi/7.2.1/thumb/v7-ar/crtbegin.o
 .eh_frame      0x80002cb4        0x4 c:/ti/ccs910/ccs/tools/compiler/gcc-arm-none-eabi-7-2017-q4-major-win32/bin/../lib/gcc/arm-none-eabi/7.2.1/thumb/v7-ar/crtend.o

.glue_7         0x80002cb8        0x0
 .glue_7        0x80002cb8        0x0 linker stubs

.glue_7t        0x80002cb8        0x0
 .glue_7t       0x80002cb8        0x0 linker stubs

.vfp11_veneer   0x80002cb8        0x0
 .vfp11_veneer  0x80002cb8        0x0 linker stubs

.v4_bx          0x80002cb8        0x0
 .v4_bx         0x80002cb8        0x0 linker stubs

.iplt           0x80002cb8        0x0
 .iplt          0x80002cb8        0x0 c:/ti/ccs910/ccs/tools/compiler/gcc-arm-none-eabi-7-2017-q4-major-win32/bin/../lib/gcc/arm-none-eabi/7.2.1/thumb/v7-ar/crtbegin.o

.ARM.extab      0x80002cb8        0x0
 *(.ARM.extab* .gnu.linkonce.armextab.*)
 .ARM.extab     0x80002cb8        0x0 c:/ti/ccs910/ccs/tools/compiler/gcc-arm-none-eabi-7-2017-q4-major-win32/bin/../lib/gcc/arm-none-eabi/7.2.1/../../../../arm-none-eabi/lib/thumb/v7-ar/rdimon-crt0.o
                0x80002cb8                __exidx_start = .

.ARM.exidx      0x80002cb8        0x8
 *(.ARM.exidx* .gnu.linkonce.armexidx.*)
 .ARM.exidx     0x80002cb8        0x8 c:/ti/ccs910/ccs/tools/compiler/gcc-arm-none-eabi-7-2017-q4-major-win32/bin/../lib/gcc/arm-none-eabi/7.2.1/../../../../arm-none-eabi/lib/thumb/v7-ar/rdimon-crt0.o
                0x80002cc0                __exidx_end = .

.rel.dyn        0x80002cc0        0x0
 .rel.iplt      0x80002cc0        0x0 c:/ti/ccs910/ccs/tools/compiler/gcc-arm-none-eabi-7-2017-q4-major-win32/bin/../lib/gcc/arm-none-eabi/7.2.1/thumb/v7-ar/crtbegin.o

.data           0x80002cc0      0x974
                0x80002cc0                . = ALIGN (0x4)
                0x80002cc0                __data_start__ = .
 *(vtable)
 *(.data*)
 .data          0x80002cc0        0x0 c:/ti/ccs910/ccs/tools/compiler/gcc-arm-none-eabi-7-2017-q4-major-win32/bin/../lib/gcc/arm-none-eabi/7.2.1/thumb/v7-ar/crti.o
 .data          0x80002cc0        0x4 c:/ti/ccs910/ccs/tools/compiler/gcc-arm-none-eabi-7-2017-q4-major-win32/bin/../lib/gcc/arm-none-eabi/7.2.1/thumb/v7-ar/crtbegin.o
                0x80002cc0                __dso_handle
 .data          0x80002cc4      0x118 c:/ti/ccs910/ccs/tools/compiler/gcc-arm-none-eabi-7-2017-q4-major-win32/bin/../lib/gcc/arm-none-eabi/7.2.1/../../../../arm-none-eabi/lib/thumb/v7-ar/rdimon-crt0.o
                0x80002ccc                __stack_base__
 .data          0x80002ddc        0x0 ./hello.o
 .data          0x80002ddc        0x0 ./startup_ARMCA8.o
 .data          0x80002ddc        0x0 c:/ti/ccs910/ccs/tools/compiler/gcc-arm-none-eabi-7-2017-q4-major-win32/bin/../lib/gcc/arm-none-eabi/7.2.1/../../../../arm-none-eabi/lib/thumb/v7-ar\libg.a(lib_a-exit.o)
 .data          0x80002ddc        0x0 c:/ti/ccs910/ccs/tools/compiler/gcc-arm-none-eabi-7-2017-q4-major-win32/bin/../lib/gcc/arm-none-eabi/7.2.1/../../../../arm-none-eabi/lib/thumb/v7-ar\libg.a(lib_a-impure.o)
 .data._impure_ptr
                0x80002ddc        0x4 c:/ti/ccs910/ccs/tools/compiler/gcc-arm-none-eabi-7-2017-q4-major-win32/bin/../lib/gcc/arm-none-eabi/7.2.1/../../../../arm-none-eabi/lib/thumb/v7-ar\libg.a(lib_a-impure.o)
                0x80002ddc                _impure_ptr
 .data.impure_data
                0x80002de0      0x428 c:/ti/ccs910/ccs/tools/compiler/gcc-arm-none-eabi-7-2017-q4-major-win32/bin/../lib/gcc/arm-none-eabi/7.2.1/../../../../arm-none-eabi/lib/thumb/v7-ar\libg.a(lib_a-impure.o)
 .data          0x80003208        0x0 c:/ti/ccs910/ccs/tools/compiler/gcc-arm-none-eabi-7-2017-q4-major-win32/bin/../lib/gcc/arm-none-eabi/7.2.1/../../../../arm-none-eabi/lib/thumb/v7-ar\libg.a(lib_a-init.o)
 .data          0x80003208        0x0 c:/ti/ccs910/ccs/tools/compiler/gcc-arm-none-eabi-7-2017-q4-major-win32/bin/../lib/gcc/arm-none-eabi/7.2.1/../../../../arm-none-eabi/lib/thumb/v7-ar\libg.a(lib_a-memset.o)
 .data          0x80003208        0x0 c:/ti/ccs910/ccs/tools/compiler/gcc-arm-none-eabi-7-2017-q4-major-win32/bin/../lib/gcc/arm-none-eabi/7.2.1/../../../../arm-none-eabi/lib/thumb/v7-ar\libg.a(lib_a-puts.o)
 .data          0x80003208        0x0 c:/ti/ccs910/ccs/tools/compiler/gcc-arm-none-eabi-7-2017-q4-major-win32/bin/../lib/gcc/arm-none-eabi/7.2.1/../../../../arm-none-eabi/lib/thumb/v7-ar\libg.a(lib_a-strlen-stub.o)
 .data          0x80003208        0x0 c:/ti/ccs910/ccs/tools/compiler/gcc-arm-none-eabi-7-2017-q4-major-win32/bin/../lib/gcc/arm-none-eabi/7.2.1/../../../../arm-none-eabi/lib/thumb/v7-ar\libg.a(lib_a-__call_atexit.o)
 .data.__atexit_recursive_mutex
                0x80003208        0x4 c:/ti/ccs910/ccs/tools/compiler/gcc-arm-none-eabi-7-2017-q4-major-win32/bin/../lib/gcc/arm-none-eabi/7.2.1/../../../../arm-none-eabi/lib/thumb/v7-ar\libg.a(lib_a-__call_atexit.o)
                0x80003208                __atexit_recursive_mutex
 .data          0x8000320c        0x0 c:/ti/ccs910/ccs/tools/compiler/gcc-arm-none-eabi-7-2017-q4-major-win32/bin/../lib/gcc/arm-none-eabi/7.2.1/../../../../arm-none-eabi/lib/thumb/v7-ar\libg.a(lib_a-atexit.o)
 .data          0x8000320c        0x0 c:/ti/ccs910/ccs/tools/compiler/gcc-arm-none-eabi-7-2017-q4-major-win32/bin/../lib/gcc/arm-none-eabi/7.2.1/../../../../arm-none-eabi/lib/thumb/v7-ar\libg.a(lib_a-findfp.o)
 .data          0x8000320c        0x0 c:/ti/ccs910/ccs/tools/compiler/gcc-arm-none-eabi-7-2017-q4-major-win32/bin/../lib/gcc/arm-none-eabi/7.2.1/../../../../arm-none-eabi/lib/thumb/v7-ar\libg.a(lib_a-fini.o)
 .data          0x8000320c        0x0 c:/ti/ccs910/ccs/tools/compiler/gcc-arm-none-eabi-7-2017-q4-major-win32/bin/../lib/gcc/arm-none-eabi/7.2.1/../../../../arm-none-eabi/lib/thumb/v7-ar\libg.a(lib_a-fvwrite.o)
 .data          0x8000320c        0x0 c:/ti/ccs910/ccs/tools/compiler/gcc-arm-none-eabi-7-2017-q4-major-win32/bin/../lib/gcc/arm-none-eabi/7.2.1/../../../../arm-none-eabi/lib/thumb/v7-ar\libg.a(lib_a-fwalk.o)
 .data          0x8000320c        0x0 c:/ti/ccs910/ccs/tools/compiler/gcc-arm-none-eabi-7-2017-q4-major-win32/bin/../lib/gcc/arm-none-eabi/7.2.1/../../../../arm-none-eabi/lib/thumb/v7-ar\libg.a(lib_a-lock.o)
 .data          0x8000320c        0x0 c:/ti/ccs910/ccs/tools/compiler/gcc-arm-none-eabi-7-2017-q4-major-win32/bin/../lib/gcc/arm-none-eabi/7.2.1/../../../../arm-none-eabi/lib/thumb/v7-ar\libg.a(lib_a-mallocr.o)
 .data.__malloc_av_
                0x8000320c      0x408 c:/ti/ccs910/ccs/tools/compiler/gcc-arm-none-eabi-7-2017-q4-major-win32/bin/../lib/gcc/arm-none-eabi/7.2.1/../../../../arm-none-eabi/lib/thumb/v7-ar\libg.a(lib_a-mallocr.o)
                0x8000320c                __malloc_av_
 .data.__malloc_sbrk_base
                0x80003614        0x4 c:/ti/ccs910/ccs/tools/compiler/gcc-arm-none-eabi-7-2017-q4-major-win32/bin/../lib/gcc/arm-none-eabi/7.2.1/../../../../arm-none-eabi/lib/thumb/v7-ar\libg.a(lib_a-mallocr.o)
                0x80003614                __malloc_sbrk_base
 .data.__malloc_trim_threshold
                0x80003618        0x4 c:/ti/ccs910/ccs/tools/compiler/gcc-arm-none-eabi-7-2017-q4-major-win32/bin/../lib/gcc/arm-none-eabi/7.2.1/../../../../arm-none-eabi/lib/thumb/v7-ar\libg.a(lib_a-mallocr.o)
                0x80003618                __malloc_trim_threshold
 .data          0x8000361c        0x0 c:/ti/ccs910/ccs/tools/compiler/gcc-arm-none-eabi-7-2017-q4-major-win32/bin/../lib/gcc/arm-none-eabi/7.2.1/../../../../arm-none-eabi/lib/thumb/v7-ar\libg.a(lib_a-memchr-stub.o)
 .data          0x8000361c        0x0 c:/ti/ccs910/ccs/tools/compiler/gcc-arm-none-eabi-7-2017-q4-major-win32/bin/../lib/gcc/arm-none-eabi/7.2.1/../../../../arm-none-eabi/lib/thumb/v7-ar\libg.a(lib_a-memcpy.o)
 .data          0x8000361c        0x0 c:/ti/ccs910/ccs/tools/compiler/gcc-arm-none-eabi-7-2017-q4-major-win32/bin/../lib/gcc/arm-none-eabi/7.2.1/../../../../arm-none-eabi/lib/thumb/v7-ar\libg.a(lib_a-memmove.o)
 .data          0x8000361c        0x0 c:/ti/ccs910/ccs/tools/compiler/gcc-arm-none-eabi-7-2017-q4-major-win32/bin/../lib/gcc/arm-none-eabi/7.2.1/../../../../arm-none-eabi/lib/thumb/v7-ar\libg.a(lib_a-mlock.o)
 .data          0x8000361c        0x0 c:/ti/ccs910/ccs/tools/compiler/gcc-arm-none-eabi-7-2017-q4-major-win32/bin/../lib/gcc/arm-none-eabi/7.2.1/../../../../arm-none-eabi/lib/thumb/v7-ar\libg.a(lib_a-reallocr.o)
 .data          0x8000361c        0x0 c:/ti/ccs910/ccs/tools/compiler/gcc-arm-none-eabi-7-2017-q4-major-win32/bin/../lib/gcc/arm-none-eabi/7.2.1/../../../../arm-none-eabi/lib/thumb/v7-ar\libg.a(lib_a-sbrkr.o)
 .data          0x8000361c        0x0 c:/ti/ccs910/ccs/tools/compiler/gcc-arm-none-eabi-7-2017-q4-major-win32/bin/../lib/gcc/arm-none-eabi/7.2.1/../../../../arm-none-eabi/lib/thumb/v7-ar\libg.a(lib_a-stdio.o)
 .data          0x8000361c        0x0 c:/ti/ccs910/ccs/tools/compiler/gcc-arm-none-eabi-7-2017-q4-major-win32/bin/../lib/gcc/arm-none-eabi/7.2.1/../../../../arm-none-eabi/lib/thumb/v7-ar\libg.a(lib_a-writer.o)
 .data          0x8000361c        0x0 c:/ti/ccs910/ccs/tools/compiler/gcc-arm-none-eabi-7-2017-q4-major-win32/bin/../lib/gcc/arm-none-eabi/7.2.1/../../../../arm-none-eabi/lib/thumb/v7-ar\libg.a(lib_a-wsetup.o)
 .data          0x8000361c        0x0 c:/ti/ccs910/ccs/tools/compiler/gcc-arm-none-eabi-7-2017-q4-major-win32/bin/../lib/gcc/arm-none-eabi/7.2.1/../../../../arm-none-eabi/lib/thumb/v7-ar\libg.a(lib_a-__atexit.o)
 .data          0x8000361c        0x0 c:/ti/ccs910/ccs/tools/compiler/gcc-arm-none-eabi-7-2017-q4-major-win32/bin/../lib/gcc/arm-none-eabi/7.2.1/../../../../arm-none-eabi/lib/thumb/v7-ar\libg.a(lib_a-closer.o)
 .data          0x8000361c        0x0 c:/ti/ccs910/ccs/tools/compiler/gcc-arm-none-eabi-7-2017-q4-major-win32/bin/../lib/gcc/arm-none-eabi/7.2.1/../../../../arm-none-eabi/lib/thumb/v7-ar\libg.a(lib_a-fclose.o)
 .data          0x8000361c        0x0 c:/ti/ccs910/ccs/tools/compiler/gcc-arm-none-eabi-7-2017-q4-major-win32/bin/../lib/gcc/arm-none-eabi/7.2.1/../../../../arm-none-eabi/lib/thumb/v7-ar\libg.a(lib_a-fflush.o)
 .data          0x8000361c        0x0 c:/ti/ccs910/ccs/tools/compiler/gcc-arm-none-eabi-7-2017-q4-major-win32/bin/../lib/gcc/arm-none-eabi/7.2.1/../../../../arm-none-eabi/lib/thumb/v7-ar\libg.a(lib_a-freer.o)
 .data          0x8000361c        0x0 c:/ti/ccs910/ccs/tools/compiler/gcc-arm-none-eabi-7-2017-q4-major-win32/bin/../lib/gcc/arm-none-eabi/7.2.1/../../../../arm-none-eabi/lib/thumb/v7-ar\libg.a(lib_a-lseekr.o)
 .data          0x8000361c        0x0 c:/ti/ccs910/ccs/tools/compiler/gcc-arm-none-eabi-7-2017-q4-major-win32/bin/../lib/gcc/arm-none-eabi/7.2.1/../../../../arm-none-eabi/lib/thumb/v7-ar\libg.a(lib_a-makebuf.o)
 .data          0x8000361c        0x0 c:/ti/ccs910/ccs/tools/compiler/gcc-arm-none-eabi-7-2017-q4-major-win32/bin/../lib/gcc/arm-none-eabi/7.2.1/../../../../arm-none-eabi/lib/thumb/v7-ar\libg.a(lib_a-readr.o)
 .data          0x8000361c        0x0 c:/ti/ccs910/ccs/tools/compiler/gcc-arm-none-eabi-7-2017-q4-major-win32/bin/../lib/gcc/arm-none-eabi/7.2.1/../../../../arm-none-eabi/lib/thumb/v7-ar\libg.a(lib_a-reent.o)
 .data          0x8000361c        0x0 c:/ti/ccs910/ccs/tools/compiler/gcc-arm-none-eabi-7-2017-q4-major-win32/bin/../lib/gcc/arm-none-eabi/7.2.1/../../../../arm-none-eabi/lib/thumb/v7-ar\libg.a(lib_a-fstatr.o)
 .data          0x8000361c        0x0 c:/ti/ccs910/ccs/tools/compiler/gcc-arm-none-eabi-7-2017-q4-major-win32/bin/../lib/gcc/arm-none-eabi/7.2.1/../../../../arm-none-eabi/lib/thumb/v7-ar\libg.a(lib_a-isattyr.o)
 .data          0x8000361c        0x0 c:/ti/ccs910/ccs/tools/compiler/gcc-arm-none-eabi-7-2017-q4-major-win32/bin/../lib/gcc/arm-none-eabi/7.2.1/thumb/v7-ar\libgcc.a(_divsi3.o)
 .data          0x8000361c        0x0 c:/ti/ccs910/ccs/tools/compiler/gcc-arm-none-eabi-7-2017-q4-major-win32/bin/../lib/gcc/arm-none-eabi/7.2.1/thumb/v7-ar\libgcc.a(_dvmd_tls.o)
 .data          0x8000361c        0x0 c:/ti/ccs910/ccs/tools/compiler/gcc-arm-none-eabi-7-2017-q4-major-win32/bin/../lib/gcc/arm-none-eabi/7.2.1/../../../../arm-none-eabi/lib/thumb/v7-ar\librdimon.a(rdimon-syscalls.o)
 .data.__heap_limit
                0x8000361c        0x4 c:/ti/ccs910/ccs/tools/compiler/gcc-arm-none-eabi-7-2017-q4-major-win32/bin/../lib/gcc/arm-none-eabi/7.2.1/../../../../arm-none-eabi/lib/thumb/v7-ar\librdimon.a(rdimon-syscalls.o)
                0x8000361c                __heap_limit
 .data.supports_ext_exit_extended
                0x80003620        0x4 c:/ti/ccs910/ccs/tools/compiler/gcc-arm-none-eabi-7-2017-q4-major-win32/bin/../lib/gcc/arm-none-eabi/7.2.1/../../../../arm-none-eabi/lib/thumb/v7-ar\librdimon.a(rdimon-syscalls.o)
 .data.supports_ext_stdout_stderr
                0x80003624        0x4 c:/ti/ccs910/ccs/tools/compiler/gcc-arm-none-eabi-7-2017-q4-major-win32/bin/../lib/gcc/arm-none-eabi/7.2.1/../../../../arm-none-eabi/lib/thumb/v7-ar\librdimon.a(rdimon-syscalls.o)
 .data          0x80003628        0x0 c:/ti/ccs910/ccs/tools/compiler/gcc-arm-none-eabi-7-2017-q4-major-win32/bin/../lib/gcc/arm-none-eabi/7.2.1/../../../../arm-none-eabi/lib/thumb/v7-ar\librdimon.a(rdimon-_exit.o)
 .data          0x80003628        0x0 c:/ti/ccs910/ccs/tools/compiler/gcc-arm-none-eabi-7-2017-q4-major-win32/bin/../lib/gcc/arm-none-eabi/7.2.1/../../../../arm-none-eabi/lib/thumb/v7-ar\librdimon.a(rdimon-_kill.o)
 .data          0x80003628        0x0 c:/ti/ccs910/ccs/tools/compiler/gcc-arm-none-eabi-7-2017-q4-major-win32/bin/../lib/gcc/arm-none-eabi/7.2.1/../../../../arm-none-eabi/lib/thumb/v7-ar\libc.a(lib_a-errno.o)
 .data          0x80003628        0x0 c:/ti/ccs910/ccs/tools/compiler/gcc-arm-none-eabi-7-2017-q4-major-win32/bin/../lib/gcc/arm-none-eabi/7.2.1/thumb/v7-ar/crtend.o
 .data          0x80003628        0x0 c:/ti/ccs910/ccs/tools/compiler/gcc-arm-none-eabi-7-2017-q4-major-win32/bin/../lib/gcc/arm-none-eabi/7.2.1/thumb/v7-ar/crtn.o
                0x80003628                . = ALIGN (0x4)
                0x80003628                PROVIDE (__preinit_array_start, .)
 *(.preinit_array)
                0x80003628                PROVIDE (__preinit_array_end, .)
                0x80003628                . = ALIGN (0x4)
                0x80003628                PROVIDE (__init_array_start, .)
 *(SORT_BY_NAME(.init_array.*))
 .init_array.00000
                0x80003628        0x4 c:/ti/ccs910/ccs/tools/compiler/gcc-arm-none-eabi-7-2017-q4-major-win32/bin/../lib/gcc/arm-none-eabi/7.2.1/../../../../arm-none-eabi/lib/thumb/v7-ar\libg.a(lib_a-__call_atexit.o)
 *(.init_array)
 .init_array    0x8000362c        0x4 c:/ti/ccs910/ccs/tools/compiler/gcc-arm-none-eabi-7-2017-q4-major-win32/bin/../lib/gcc/arm-none-eabi/7.2.1/thumb/v7-ar/crtbegin.o
                0x80003630                PROVIDE (__init_array_end, .)
                0x80003630                . = ALIGN (0x4)
                0x80003630                PROVIDE (__fini_array_start, .)
 *(SORT_BY_NAME(.fini_array.*))
 *(.fini_array)
 .fini_array    0x80003630        0x4 c:/ti/ccs910/ccs/tools/compiler/gcc-arm-none-eabi-7-2017-q4-major-win32/bin/../lib/gcc/arm-none-eabi/7.2.1/thumb/v7-ar/crtbegin.o
                0x80003634                PROVIDE (__fini_array_end, .)
                0x80003634                . = ALIGN (0x4)
                0x80003634                __data_end__ = .

.igot.plt       0x80003634        0x0
 .igot.plt      0x80003634        0x0 c:/ti/ccs910/ccs/tools/compiler/gcc-arm-none-eabi-7-2017-q4-major-win32/bin/../lib/gcc/arm-none-eabi/7.2.1/thumb/v7-ar/crtbegin.o

.bss            0x80003634      0x128
                0x80003634                . = ALIGN (0x4)
                0x80003634                __bss_start__ = .
 *(.bss*)
 .bss           0x80003634        0x0 c:/ti/ccs910/ccs/tools/compiler/gcc-arm-none-eabi-7-2017-q4-major-win32/bin/../lib/gcc/arm-none-eabi/7.2.1/thumb/v7-ar/crti.o
 .bss           0x80003634       0x1c c:/ti/ccs910/ccs/tools/compiler/gcc-arm-none-eabi-7-2017-q4-major-win32/bin/../lib/gcc/arm-none-eabi/7.2.1/thumb/v7-ar/crtbegin.o
 .bss           0x80003650        0x0 c:/ti/ccs910/ccs/tools/compiler/gcc-arm-none-eabi-7-2017-q4-major-win32/bin/../lib/gcc/arm-none-eabi/7.2.1/../../../../arm-none-eabi/lib/thumb/v7-ar/rdimon-crt0.o
 .bss           0x80003650        0x0 ./hello.o
 .bss           0x80003650        0x0 ./startup_ARMCA8.o
 .bss           0x80003650        0x0 c:/ti/ccs910/ccs/tools/compiler/gcc-arm-none-eabi-7-2017-q4-major-win32/bin/../lib/gcc/arm-none-eabi/7.2.1/../../../../arm-none-eabi/lib/thumb/v7-ar\libg.a(lib_a-exit.o)
 .bss           0x80003650        0x0 c:/ti/ccs910/ccs/tools/compiler/gcc-arm-none-eabi-7-2017-q4-major-win32/bin/../lib/gcc/arm-none-eabi/7.2.1/../../../../arm-none-eabi/lib/thumb/v7-ar\libg.a(lib_a-impure.o)
 .bss           0x80003650        0x0 c:/ti/ccs910/ccs/tools/compiler/gcc-arm-none-eabi-7-2017-q4-major-win32/bin/../lib/gcc/arm-none-eabi/7.2.1/../../../../arm-none-eabi/lib/thumb/v7-ar\libg.a(lib_a-init.o)
 .bss           0x80003650        0x0 c:/ti/ccs910/ccs/tools/compiler/gcc-arm-none-eabi-7-2017-q4-major-win32/bin/../lib/gcc/arm-none-eabi/7.2.1/../../../../arm-none-eabi/lib/thumb/v7-ar\libg.a(lib_a-memset.o)
 .bss           0x80003650        0x0 c:/ti/ccs910/ccs/tools/compiler/gcc-arm-none-eabi-7-2017-q4-major-win32/bin/../lib/gcc/arm-none-eabi/7.2.1/../../../../arm-none-eabi/lib/thumb/v7-ar\libg.a(lib_a-puts.o)
 .bss           0x80003650        0x0 c:/ti/ccs910/ccs/tools/compiler/gcc-arm-none-eabi-7-2017-q4-major-win32/bin/../lib/gcc/arm-none-eabi/7.2.1/../../../../arm-none-eabi/lib/thumb/v7-ar\libg.a(lib_a-strlen-stub.o)
 .bss           0x80003650        0x0 c:/ti/ccs910/ccs/tools/compiler/gcc-arm-none-eabi-7-2017-q4-major-win32/bin/../lib/gcc/arm-none-eabi/7.2.1/../../../../arm-none-eabi/lib/thumb/v7-ar\libg.a(lib_a-__call_atexit.o)
 .bss           0x80003650        0x0 c:/ti/ccs910/ccs/tools/compiler/gcc-arm-none-eabi-7-2017-q4-major-win32/bin/../lib/gcc/arm-none-eabi/7.2.1/../../../../arm-none-eabi/lib/thumb/v7-ar\libg.a(lib_a-atexit.o)
 .bss           0x80003650        0x0 c:/ti/ccs910/ccs/tools/compiler/gcc-arm-none-eabi-7-2017-q4-major-win32/bin/../lib/gcc/arm-none-eabi/7.2.1/../../../../arm-none-eabi/lib/thumb/v7-ar\libg.a(lib_a-findfp.o)
 .bss           0x80003650        0x0 c:/ti/ccs910/ccs/tools/compiler/gcc-arm-none-eabi-7-2017-q4-major-win32/bin/../lib/gcc/arm-none-eabi/7.2.1/../../../../arm-none-eabi/lib/thumb/v7-ar\libg.a(lib_a-fini.o)
 .bss           0x80003650        0x0 c:/ti/ccs910/ccs/tools/compiler/gcc-arm-none-eabi-7-2017-q4-major-win32/bin/../lib/gcc/arm-none-eabi/7.2.1/../../../../arm-none-eabi/lib/thumb/v7-ar\libg.a(lib_a-fvwrite.o)
 .bss           0x80003650        0x0 c:/ti/ccs910/ccs/tools/compiler/gcc-arm-none-eabi-7-2017-q4-major-win32/bin/../lib/gcc/arm-none-eabi/7.2.1/../../../../arm-none-eabi/lib/thumb/v7-ar\libg.a(lib_a-fwalk.o)
 .bss           0x80003650        0x0 c:/ti/ccs910/ccs/tools/compiler/gcc-arm-none-eabi-7-2017-q4-major-win32/bin/../lib/gcc/arm-none-eabi/7.2.1/../../../../arm-none-eabi/lib/thumb/v7-ar\libg.a(lib_a-lock.o)
 .bss           0x80003650        0x0 c:/ti/ccs910/ccs/tools/compiler/gcc-arm-none-eabi-7-2017-q4-major-win32/bin/../lib/gcc/arm-none-eabi/7.2.1/../../../../arm-none-eabi/lib/thumb/v7-ar\libg.a(lib_a-mallocr.o)
 .bss.__malloc_current_mallinfo
                0x80003650       0x28 c:/ti/ccs910/ccs/tools/compiler/gcc-arm-none-eabi-7-2017-q4-major-win32/bin/../lib/gcc/arm-none-eabi/7.2.1/../../../../arm-none-eabi/lib/thumb/v7-ar\libg.a(lib_a-mallocr.o)
                0x80003650                __malloc_current_mallinfo
 .bss.__malloc_max_sbrked_mem
                0x80003678        0x4 c:/ti/ccs910/ccs/tools/compiler/gcc-arm-none-eabi-7-2017-q4-major-win32/bin/../lib/gcc/arm-none-eabi/7.2.1/../../../../arm-none-eabi/lib/thumb/v7-ar\libg.a(lib_a-mallocr.o)
                0x80003678                __malloc_max_sbrked_mem
 .bss.__malloc_max_total_mem
                0x8000367c        0x4 c:/ti/ccs910/ccs/tools/compiler/gcc-arm-none-eabi-7-2017-q4-major-win32/bin/../lib/gcc/arm-none-eabi/7.2.1/../../../../arm-none-eabi/lib/thumb/v7-ar\libg.a(lib_a-mallocr.o)
                0x8000367c                __malloc_max_total_mem
 .bss.__malloc_top_pad
                0x80003680        0x4 c:/ti/ccs910/ccs/tools/compiler/gcc-arm-none-eabi-7-2017-q4-major-win32/bin/../lib/gcc/arm-none-eabi/7.2.1/../../../../arm-none-eabi/lib/thumb/v7-ar\libg.a(lib_a-mallocr.o)
                0x80003680                __malloc_top_pad
 .bss           0x80003684        0x0 c:/ti/ccs910/ccs/tools/compiler/gcc-arm-none-eabi-7-2017-q4-major-win32/bin/../lib/gcc/arm-none-eabi/7.2.1/../../../../arm-none-eabi/lib/thumb/v7-ar\libg.a(lib_a-memchr-stub.o)
 .bss           0x80003684        0x0 c:/ti/ccs910/ccs/tools/compiler/gcc-arm-none-eabi-7-2017-q4-major-win32/bin/../lib/gcc/arm-none-eabi/7.2.1/../../../../arm-none-eabi/lib/thumb/v7-ar\libg.a(lib_a-memcpy.o)
 .bss           0x80003684        0x0 c:/ti/ccs910/ccs/tools/compiler/gcc-arm-none-eabi-7-2017-q4-major-win32/bin/../lib/gcc/arm-none-eabi/7.2.1/../../../../arm-none-eabi/lib/thumb/v7-ar\libg.a(lib_a-memmove.o)
 .bss           0x80003684        0x0 c:/ti/ccs910/ccs/tools/compiler/gcc-arm-none-eabi-7-2017-q4-major-win32/bin/../lib/gcc/arm-none-eabi/7.2.1/../../../../arm-none-eabi/lib/thumb/v7-ar\libg.a(lib_a-mlock.o)
 .bss           0x80003684        0x0 c:/ti/ccs910/ccs/tools/compiler/gcc-arm-none-eabi-7-2017-q4-major-win32/bin/../lib/gcc/arm-none-eabi/7.2.1/../../../../arm-none-eabi/lib/thumb/v7-ar\libg.a(lib_a-reallocr.o)
 .bss           0x80003684        0x0 c:/ti/ccs910/ccs/tools/compiler/gcc-arm-none-eabi-7-2017-q4-major-win32/bin/../lib/gcc/arm-none-eabi/7.2.1/../../../../arm-none-eabi/lib/thumb/v7-ar\libg.a(lib_a-sbrkr.o)
 .bss           0x80003684        0x0 c:/ti/ccs910/ccs/tools/compiler/gcc-arm-none-eabi-7-2017-q4-major-win32/bin/../lib/gcc/arm-none-eabi/7.2.1/../../../../arm-none-eabi/lib/thumb/v7-ar\libg.a(lib_a-stdio.o)
 .bss           0x80003684        0x0 c:/ti/ccs910/ccs/tools/compiler/gcc-arm-none-eabi-7-2017-q4-major-win32/bin/../lib/gcc/arm-none-eabi/7.2.1/../../../../arm-none-eabi/lib/thumb/v7-ar\libg.a(lib_a-writer.o)
 .bss           0x80003684        0x0 c:/ti/ccs910/ccs/tools/compiler/gcc-arm-none-eabi-7-2017-q4-major-win32/bin/../lib/gcc/arm-none-eabi/7.2.1/../../../../arm-none-eabi/lib/thumb/v7-ar\libg.a(lib_a-wsetup.o)
 .bss           0x80003684        0x0 c:/ti/ccs910/ccs/tools/compiler/gcc-arm-none-eabi-7-2017-q4-major-win32/bin/../lib/gcc/arm-none-eabi/7.2.1/../../../../arm-none-eabi/lib/thumb/v7-ar\libg.a(lib_a-__atexit.o)
 .bss           0x80003684        0x0 c:/ti/ccs910/ccs/tools/compiler/gcc-arm-none-eabi-7-2017-q4-major-win32/bin/../lib/gcc/arm-none-eabi/7.2.1/../../../../arm-none-eabi/lib/thumb/v7-ar\libg.a(lib_a-closer.o)
 .bss           0x80003684        0x0 c:/ti/ccs910/ccs/tools/compiler/gcc-arm-none-eabi-7-2017-q4-major-win32/bin/../lib/gcc/arm-none-eabi/7.2.1/../../../../arm-none-eabi/lib/thumb/v7-ar\libg.a(lib_a-fclose.o)
 .bss           0x80003684        0x0 c:/ti/ccs910/ccs/tools/compiler/gcc-arm-none-eabi-7-2017-q4-major-win32/bin/../lib/gcc/arm-none-eabi/7.2.1/../../../../arm-none-eabi/lib/thumb/v7-ar\libg.a(lib_a-fflush.o)
 .bss           0x80003684        0x0 c:/ti/ccs910/ccs/tools/compiler/gcc-arm-none-eabi-7-2017-q4-major-win32/bin/../lib/gcc/arm-none-eabi/7.2.1/../../../../arm-none-eabi/lib/thumb/v7-ar\libg.a(lib_a-freer.o)
 .bss           0x80003684        0x0 c:/ti/ccs910/ccs/tools/compiler/gcc-arm-none-eabi-7-2017-q4-major-win32/bin/../lib/gcc/arm-none-eabi/7.2.1/../../../../arm-none-eabi/lib/thumb/v7-ar\libg.a(lib_a-lseekr.o)
 .bss           0x80003684        0x0 c:/ti/ccs910/ccs/tools/compiler/gcc-arm-none-eabi-7-2017-q4-major-win32/bin/../lib/gcc/arm-none-eabi/7.2.1/../../../../arm-none-eabi/lib/thumb/v7-ar\libg.a(lib_a-makebuf.o)
 .bss           0x80003684        0x0 c:/ti/ccs910/ccs/tools/compiler/gcc-arm-none-eabi-7-2017-q4-major-win32/bin/../lib/gcc/arm-none-eabi/7.2.1/../../../../arm-none-eabi/lib/thumb/v7-ar\libg.a(lib_a-readr.o)
 .bss           0x80003684        0x0 c:/ti/ccs910/ccs/tools/compiler/gcc-arm-none-eabi-7-2017-q4-major-win32/bin/../lib/gcc/arm-none-eabi/7.2.1/../../../../arm-none-eabi/lib/thumb/v7-ar\libg.a(lib_a-reent.o)
 .bss           0x80003684        0x0 c:/ti/ccs910/ccs/tools/compiler/gcc-arm-none-eabi-7-2017-q4-major-win32/bin/../lib/gcc/arm-none-eabi/7.2.1/../../../../arm-none-eabi/lib/thumb/v7-ar\libg.a(lib_a-fstatr.o)
 .bss           0x80003684        0x0 c:/ti/ccs910/ccs/tools/compiler/gcc-arm-none-eabi-7-2017-q4-major-win32/bin/../lib/gcc/arm-none-eabi/7.2.1/../../../../arm-none-eabi/lib/thumb/v7-ar\libg.a(lib_a-isattyr.o)
 .bss           0x80003684        0x0 c:/ti/ccs910/ccs/tools/compiler/gcc-arm-none-eabi-7-2017-q4-major-win32/bin/../lib/gcc/arm-none-eabi/7.2.1/thumb/v7-ar\libgcc.a(_divsi3.o)
 .bss           0x80003684        0x0 c:/ti/ccs910/ccs/tools/compiler/gcc-arm-none-eabi-7-2017-q4-major-win32/bin/../lib/gcc/arm-none-eabi/7.2.1/thumb/v7-ar\libgcc.a(_dvmd_tls.o)
 .bss           0x80003684        0x0 c:/ti/ccs910/ccs/tools/compiler/gcc-arm-none-eabi-7-2017-q4-major-win32/bin/../lib/gcc/arm-none-eabi/7.2.1/../../../../arm-none-eabi/lib/thumb/v7-ar\librdimon.a(rdimon-syscalls.o)
 .bss.heap_end.6259
                0x80003684        0x4 c:/ti/ccs910/ccs/tools/compiler/gcc-arm-none-eabi-7-2017-q4-major-win32/bin/../lib/gcc/arm-none-eabi/7.2.1/../../../../arm-none-eabi/lib/thumb/v7-ar\librdimon.a(rdimon-syscalls.o)
 .bss.monitor_stderr
                0x80003688        0x4 c:/ti/ccs910/ccs/tools/compiler/gcc-arm-none-eabi-7-2017-q4-major-win32/bin/../lib/gcc/arm-none-eabi/7.2.1/../../../../arm-none-eabi/lib/thumb/v7-ar\librdimon.a(rdimon-syscalls.o)
 .bss.monitor_stdin
                0x8000368c        0x4 c:/ti/ccs910/ccs/tools/compiler/gcc-arm-none-eabi-7-2017-q4-major-win32/bin/../lib/gcc/arm-none-eabi/7.2.1/../../../../arm-none-eabi/lib/thumb/v7-ar\librdimon.a(rdimon-syscalls.o)
 .bss.monitor_stdout
                0x80003690        0x4 c:/ti/ccs910/ccs/tools/compiler/gcc-arm-none-eabi-7-2017-q4-major-win32/bin/../lib/gcc/arm-none-eabi/7.2.1/../../../../arm-none-eabi/lib/thumb/v7-ar\librdimon.a(rdimon-syscalls.o)
 .bss.openfiles
                0x80003694       0xa0 c:/ti/ccs910/ccs/tools/compiler/gcc-arm-none-eabi-7-2017-q4-major-win32/bin/../lib/gcc/arm-none-eabi/7.2.1/../../../../arm-none-eabi/lib/thumb/v7-ar\librdimon.a(rdimon-syscalls.o)
 .bss           0x80003734        0x0 c:/ti/ccs910/ccs/tools/compiler/gcc-arm-none-eabi-7-2017-q4-major-win32/bin/../lib/gcc/arm-none-eabi/7.2.1/../../../../arm-none-eabi/lib/thumb/v7-ar\librdimon.a(rdimon-_exit.o)
 .bss           0x80003734        0x0 c:/ti/ccs910/ccs/tools/compiler/gcc-arm-none-eabi-7-2017-q4-major-win32/bin/../lib/gcc/arm-none-eabi/7.2.1/../../../../arm-none-eabi/lib/thumb/v7-ar\librdimon.a(rdimon-_kill.o)
 .bss           0x80003734        0x0 c:/ti/ccs910/ccs/tools/compiler/gcc-arm-none-eabi-7-2017-q4-major-win32/bin/../lib/gcc/arm-none-eabi/7.2.1/../../../../arm-none-eabi/lib/thumb/v7-ar\libc.a(lib_a-errno.o)
 .bss           0x80003734        0x0 c:/ti/ccs910/ccs/tools/compiler/gcc-arm-none-eabi-7-2017-q4-major-win32/bin/../lib/gcc/arm-none-eabi/7.2.1/thumb/v7-ar/crtend.o
 .bss           0x80003734        0x0 c:/ti/ccs910/ccs/tools/compiler/gcc-arm-none-eabi-7-2017-q4-major-win32/bin/../lib/gcc/arm-none-eabi/7.2.1/thumb/v7-ar/crtn.o
 *(COMMON)
 COMMON         0x80003734       0x21 c:/ti/ccs910/ccs/tools/compiler/gcc-arm-none-eabi-7-2017-q4-major-win32/bin/../lib/gcc/arm-none-eabi/7.2.1/../../../../arm-none-eabi/lib/thumb/v7-ar\libg.a(lib_a-lock.o)
                0x80003734                __lock___atexit_recursive_mutex
                0x80003738                __lock___arc4random_mutex
                0x8000373c                __lock___env_recursive_mutex
                0x80003740                __lock___sinit_recursive_mutex
                0x80003744                __lock___malloc_recursive_mutex
                0x80003748                __lock___at_quick_exit_mutex
                0x8000374c                __lock___dd_hash_mutex
                0x80003750                __lock___tz_mutex
                0x80003754                __lock___sfp_recursive_mutex
 *fill*         0x80003755        0x3 
 COMMON         0x80003758        0x4 c:/ti/ccs910/ccs/tools/compiler/gcc-arm-none-eabi-7-2017-q4-major-win32/bin/../lib/gcc/arm-none-eabi/7.2.1/../../../../arm-none-eabi/lib/thumb/v7-ar\libg.a(lib_a-reent.o)
                0x80003758                errno
                0x8000375c                __bss_end__ = .

.heap           0x80003760      0x400
 FILL mask 0xdeadbeef
                0x80003760                . = ALIGN (0x4)
                0x80003760                __end__ = .
                0x80003760                end = __end__
                0x80003760                __HeapBase = __end__
 *(.heap*)
 .heap          0x80003760        0x0 ./startup_ARMCA8.o
                0x80003b60                . = (. + HEAPSIZE)
 *fill*         0x80003760      0x400 deadbeef
                0x80003b60                __HeapLimit = .

.stack          0x80003b60    0x1c000
 FILL mask 0xbad0bad0
                0x80003b60                . = ALIGN (0x4)
                0x80003b60                __StackLimit = .
 *(.stack*)
 .stack         0x80003b60        0x0 ./startup_ARMCA8.o
                0x8001fb60                . = (. + STACKSIZE)
 *fill*         0x80003b60    0x1c000 bad0bad0
                0x8001fb60                __StackTop = .
                0x8001fb60                __StackBase = .
                0x8001fb60                PROVIDE (__stack, __StackTop)
START GROUP
LOAD c:/ti/ccs910/ccs/tools/compiler/gcc-arm-none-eabi-7-2017-q4-major-win32/bin/../lib/gcc/arm-none-eabi/7.2.1/thumb/v7-ar\libgcc.a
LOAD c:/ti/ccs910/ccs/tools/compiler/gcc-arm-none-eabi-7-2017-q4-major-win32/bin/../lib/gcc/arm-none-eabi/7.2.1/../../../../arm-none-eabi/lib/thumb/v7-ar\libg.a
LOAD c:/ti/ccs910/ccs/tools/compiler/gcc-arm-none-eabi-7-2017-q4-major-win32/bin/../lib/gcc/arm-none-eabi/7.2.1/../../../../arm-none-eabi/lib/thumb/v7-ar\libc.a
END GROUP
START GROUP
LOAD c:/ti/ccs910/ccs/tools/compiler/gcc-arm-none-eabi-7-2017-q4-major-win32/bin/../lib/gcc/arm-none-eabi/7.2.1/thumb/v7-ar\libgcc.a
LOAD c:/ti/ccs910/ccs/tools/compiler/gcc-arm-none-eabi-7-2017-q4-major-win32/bin/../lib/gcc/arm-none-eabi/7.2.1/../../../../arm-none-eabi/lib/thumb/v7-ar\libc.a
LOAD c:/ti/ccs910/ccs/tools/compiler/gcc-arm-none-eabi-7-2017-q4-major-win32/bin/../lib/gcc/arm-none-eabi/7.2.1/../../../../arm-none-eabi/lib/thumb/v7-ar\librdimon.a
END GROUP
LOAD c:/ti/ccs910/ccs/tools/compiler/gcc-arm-none-eabi-7-2017-q4-major-win32/bin/../lib/gcc/arm-none-eabi/7.2.1/thumb/v7-ar/crtend.o
LOAD c:/ti/ccs910/ccs/tools/compiler/gcc-arm-none-eabi-7-2017-q4-major-win32/bin/../lib/gcc/arm-none-eabi/7.2.1/thumb/v7-ar/crtn.o
OUTPUT(Lab5pt1.out elf32-littlearm)

.ARM.attributes
                0x00000000       0x2b
 .ARM.attributes
                0x00000000       0x19 c:/ti/ccs910/ccs/tools/compiler/gcc-arm-none-eabi-7-2017-q4-major-win32/bin/../lib/gcc/arm-none-eabi/7.2.1/thumb/v7-ar/crti.o
 .ARM.attributes
                0x00000019       0x29 c:/ti/ccs910/ccs/tools/compiler/gcc-arm-none-eabi-7-2017-q4-major-win32/bin/../lib/gcc/arm-none-eabi/7.2.1/thumb/v7-ar/crtbegin.o
 .ARM.attributes
                0x00000042       0x17 c:/ti/ccs910/ccs/tools/compiler/gcc-arm-none-eabi-7-2017-q4-major-win32/bin/../lib/gcc/arm-none-eabi/7.2.1/../../../../arm-none-eabi/lib/thumb/v7-ar/rdimon-crt0.o
 .ARM.attributes
                0x00000059       0x37 ./hello.o
 .ARM.attributes
                0x00000090       0x25 ./startup_ARMCA8.o
 .ARM.attributes
                0x000000b5       0x29 c:/ti/ccs910/ccs/tools/compiler/gcc-arm-none-eabi-7-2017-q4-major-win32/bin/../lib/gcc/arm-none-eabi/7.2.1/../../../../arm-none-eabi/lib/thumb/v7-ar\libg.a(lib_a-exit.o)
 .ARM.attributes
                0x000000de       0x29 c:/ti/ccs910/ccs/tools/compiler/gcc-arm-none-eabi-7-2017-q4-major-win32/bin/../lib/gcc/arm-none-eabi/7.2.1/../../../../arm-none-eabi/lib/thumb/v7-ar\libg.a(lib_a-impure.o)
 .ARM.attributes
                0x00000107       0x29 c:/ti/ccs910/ccs/tools/compiler/gcc-arm-none-eabi-7-2017-q4-major-win32/bin/../lib/gcc/arm-none-eabi/7.2.1/../../../../arm-none-eabi/lib/thumb/v7-ar\libg.a(lib_a-init.o)
 .ARM.attributes
                0x00000130       0x29 c:/ti/ccs910/ccs/tools/compiler/gcc-arm-none-eabi-7-2017-q4-major-win32/bin/../lib/gcc/arm-none-eabi/7.2.1/../../../../arm-none-eabi/lib/thumb/v7-ar\libg.a(lib_a-memset.o)
 .ARM.attributes
                0x00000159       0x29 c:/ti/ccs910/ccs/tools/compiler/gcc-arm-none-eabi-7-2017-q4-major-win32/bin/../lib/gcc/arm-none-eabi/7.2.1/../../../../arm-none-eabi/lib/thumb/v7-ar\libg.a(lib_a-puts.o)
 .ARM.attributes
                0x00000182       0x29 c:/ti/ccs910/ccs/tools/compiler/gcc-arm-none-eabi-7-2017-q4-major-win32/bin/../lib/gcc/arm-none-eabi/7.2.1/../../../../arm-none-eabi/lib/thumb/v7-ar\libg.a(lib_a-strlen-stub.o)
 .ARM.attributes
                0x000001ab       0x29 c:/ti/ccs910/ccs/tools/compiler/gcc-arm-none-eabi-7-2017-q4-major-win32/bin/../lib/gcc/arm-none-eabi/7.2.1/../../../../arm-none-eabi/lib/thumb/v7-ar\libg.a(lib_a-__call_atexit.o)
 .ARM.attributes
                0x000001d4       0x29 c:/ti/ccs910/ccs/tools/compiler/gcc-arm-none-eabi-7-2017-q4-major-win32/bin/../lib/gcc/arm-none-eabi/7.2.1/../../../../arm-none-eabi/lib/thumb/v7-ar\libg.a(lib_a-atexit.o)
 .ARM.attributes
                0x000001fd       0x29 c:/ti/ccs910/ccs/tools/compiler/gcc-arm-none-eabi-7-2017-q4-major-win32/bin/../lib/gcc/arm-none-eabi/7.2.1/../../../../arm-none-eabi/lib/thumb/v7-ar\libg.a(lib_a-findfp.o)
 .ARM.attributes
                0x00000226       0x29 c:/ti/ccs910/ccs/tools/compiler/gcc-arm-none-eabi-7-2017-q4-major-win32/bin/../lib/gcc/arm-none-eabi/7.2.1/../../../../arm-none-eabi/lib/thumb/v7-ar\libg.a(lib_a-fini.o)
 .ARM.attributes
                0x0000024f       0x29 c:/ti/ccs910/ccs/tools/compiler/gcc-arm-none-eabi-7-2017-q4-major-win32/bin/../lib/gcc/arm-none-eabi/7.2.1/../../../../arm-none-eabi/lib/thumb/v7-ar\libg.a(lib_a-fvwrite.o)
 .ARM.attributes
                0x00000278       0x29 c:/ti/ccs910/ccs/tools/compiler/gcc-arm-none-eabi-7-2017-q4-major-win32/bin/../lib/gcc/arm-none-eabi/7.2.1/../../../../arm-none-eabi/lib/thumb/v7-ar\libg.a(lib_a-fwalk.o)
 .ARM.attributes
                0x000002a1       0x29 c:/ti/ccs910/ccs/tools/compiler/gcc-arm-none-eabi-7-2017-q4-major-win32/bin/../lib/gcc/arm-none-eabi/7.2.1/../../../../arm-none-eabi/lib/thumb/v7-ar\libg.a(lib_a-lock.o)
 .ARM.attributes
                0x000002ca       0x29 c:/ti/ccs910/ccs/tools/compiler/gcc-arm-none-eabi-7-2017-q4-major-win32/bin/../lib/gcc/arm-none-eabi/7.2.1/../../../../arm-none-eabi/lib/thumb/v7-ar\libg.a(lib_a-mallocr.o)
 .ARM.attributes
                0x000002f3       0x29 c:/ti/ccs910/ccs/tools/compiler/gcc-arm-none-eabi-7-2017-q4-major-win32/bin/../lib/gcc/arm-none-eabi/7.2.1/../../../../arm-none-eabi/lib/thumb/v7-ar\libg.a(lib_a-memchr-stub.o)
 .ARM.attributes
                0x0000031c       0x17 c:/ti/ccs910/ccs/tools/compiler/gcc-arm-none-eabi-7-2017-q4-major-win32/bin/../lib/gcc/arm-none-eabi/7.2.1/../../../../arm-none-eabi/lib/thumb/v7-ar\libg.a(lib_a-memcpy.o)
 .ARM.attributes
                0x00000333       0x29 c:/ti/ccs910/ccs/tools/compiler/gcc-arm-none-eabi-7-2017-q4-major-win32/bin/../lib/gcc/arm-none-eabi/7.2.1/../../../../arm-none-eabi/lib/thumb/v7-ar\libg.a(lib_a-memmove.o)
 .ARM.attributes
                0x0000035c       0x29 c:/ti/ccs910/ccs/tools/compiler/gcc-arm-none-eabi-7-2017-q4-major-win32/bin/../lib/gcc/arm-none-eabi/7.2.1/../../../../arm-none-eabi/lib/thumb/v7-ar\libg.a(lib_a-mlock.o)
 .ARM.attributes
                0x00000385       0x29 c:/ti/ccs910/ccs/tools/compiler/gcc-arm-none-eabi-7-2017-q4-major-win32/bin/../lib/gcc/arm-none-eabi/7.2.1/../../../../arm-none-eabi/lib/thumb/v7-ar\libg.a(lib_a-reallocr.o)
 .ARM.attributes
                0x000003ae       0x29 c:/ti/ccs910/ccs/tools/compiler/gcc-arm-none-eabi-7-2017-q4-major-win32/bin/../lib/gcc/arm-none-eabi/7.2.1/../../../../arm-none-eabi/lib/thumb/v7-ar\libg.a(lib_a-sbrkr.o)
 .ARM.attributes
                0x000003d7       0x29 c:/ti/ccs910/ccs/tools/compiler/gcc-arm-none-eabi-7-2017-q4-major-win32/bin/../lib/gcc/arm-none-eabi/7.2.1/../../../../arm-none-eabi/lib/thumb/v7-ar\libg.a(lib_a-stdio.o)
 .ARM.attributes
                0x00000400       0x29 c:/ti/ccs910/ccs/tools/compiler/gcc-arm-none-eabi-7-2017-q4-major-win32/bin/../lib/gcc/arm-none-eabi/7.2.1/../../../../arm-none-eabi/lib/thumb/v7-ar\libg.a(lib_a-writer.o)
 .ARM.attributes
                0x00000429       0x29 c:/ti/ccs910/ccs/tools/compiler/gcc-arm-none-eabi-7-2017-q4-major-win32/bin/../lib/gcc/arm-none-eabi/7.2.1/../../../../arm-none-eabi/lib/thumb/v7-ar\libg.a(lib_a-wsetup.o)
 .ARM.attributes
                0x00000452       0x29 c:/ti/ccs910/ccs/tools/compiler/gcc-arm-none-eabi-7-2017-q4-major-win32/bin/../lib/gcc/arm-none-eabi/7.2.1/../../../../arm-none-eabi/lib/thumb/v7-ar\libg.a(lib_a-__atexit.o)
 .ARM.attributes
                0x0000047b       0x29 c:/ti/ccs910/ccs/tools/compiler/gcc-arm-none-eabi-7-2017-q4-major-win32/bin/../lib/gcc/arm-none-eabi/7.2.1/../../../../arm-none-eabi/lib/thumb/v7-ar\libg.a(lib_a-closer.o)
 .ARM.attributes
                0x000004a4       0x29 c:/ti/ccs910/ccs/tools/compiler/gcc-arm-none-eabi-7-2017-q4-major-win32/bin/../lib/gcc/arm-none-eabi/7.2.1/../../../../arm-none-eabi/lib/thumb/v7-ar\libg.a(lib_a-fclose.o)
 .ARM.attributes
                0x000004cd       0x29 c:/ti/ccs910/ccs/tools/compiler/gcc-arm-none-eabi-7-2017-q4-major-win32/bin/../lib/gcc/arm-none-eabi/7.2.1/../../../../arm-none-eabi/lib/thumb/v7-ar\libg.a(lib_a-fflush.o)
 .ARM.attributes
                0x000004f6       0x29 c:/ti/ccs910/ccs/tools/compiler/gcc-arm-none-eabi-7-2017-q4-major-win32/bin/../lib/gcc/arm-none-eabi/7.2.1/../../../../arm-none-eabi/lib/thumb/v7-ar\libg.a(lib_a-freer.o)
 .ARM.attributes
                0x0000051f       0x29 c:/ti/ccs910/ccs/tools/compiler/gcc-arm-none-eabi-7-2017-q4-major-win32/bin/../lib/gcc/arm-none-eabi/7.2.1/../../../../arm-none-eabi/lib/thumb/v7-ar\libg.a(lib_a-lseekr.o)
 .ARM.attributes
                0x00000548       0x29 c:/ti/ccs910/ccs/tools/compiler/gcc-arm-none-eabi-7-2017-q4-major-win32/bin/../lib/gcc/arm-none-eabi/7.2.1/../../../../arm-none-eabi/lib/thumb/v7-ar\libg.a(lib_a-makebuf.o)
 .ARM.attributes
                0x00000571       0x29 c:/ti/ccs910/ccs/tools/compiler/gcc-arm-none-eabi-7-2017-q4-major-win32/bin/../lib/gcc/arm-none-eabi/7.2.1/../../../../arm-none-eabi/lib/thumb/v7-ar\libg.a(lib_a-readr.o)
 .ARM.attributes
                0x0000059a       0x29 c:/ti/ccs910/ccs/tools/compiler/gcc-arm-none-eabi-7-2017-q4-major-win32/bin/../lib/gcc/arm-none-eabi/7.2.1/../../../../arm-none-eabi/lib/thumb/v7-ar\libg.a(lib_a-reent.o)
 .ARM.attributes
                0x000005c3       0x29 c:/ti/ccs910/ccs/tools/compiler/gcc-arm-none-eabi-7-2017-q4-major-win32/bin/../lib/gcc/arm-none-eabi/7.2.1/../../../../arm-none-eabi/lib/thumb/v7-ar\libg.a(lib_a-fstatr.o)
 .ARM.attributes
                0x000005ec       0x29 c:/ti/ccs910/ccs/tools/compiler/gcc-arm-none-eabi-7-2017-q4-major-win32/bin/../lib/gcc/arm-none-eabi/7.2.1/../../../../arm-none-eabi/lib/thumb/v7-ar\libg.a(lib_a-isattyr.o)
 .ARM.attributes
                0x00000615       0x19 c:/ti/ccs910/ccs/tools/compiler/gcc-arm-none-eabi-7-2017-q4-major-win32/bin/../lib/gcc/arm-none-eabi/7.2.1/thumb/v7-ar\libgcc.a(_divsi3.o)
 .ARM.attributes
                0x0000062e       0x19 c:/ti/ccs910/ccs/tools/compiler/gcc-arm-none-eabi-7-2017-q4-major-win32/bin/../lib/gcc/arm-none-eabi/7.2.1/thumb/v7-ar\libgcc.a(_dvmd_tls.o)
 .ARM.attributes
                0x00000647       0x29 c:/ti/ccs910/ccs/tools/compiler/gcc-arm-none-eabi-7-2017-q4-major-win32/bin/../lib/gcc/arm-none-eabi/7.2.1/../../../../arm-none-eabi/lib/thumb/v7-ar\librdimon.a(rdimon-syscalls.o)
 .ARM.attributes
                0x00000670       0x29 c:/ti/ccs910/ccs/tools/compiler/gcc-arm-none-eabi-7-2017-q4-major-win32/bin/../lib/gcc/arm-none-eabi/7.2.1/../../../../arm-none-eabi/lib/thumb/v7-ar\librdimon.a(rdimon-_exit.o)
 .ARM.attributes
                0x00000699       0x29 c:/ti/ccs910/ccs/tools/compiler/gcc-arm-none-eabi-7-2017-q4-major-win32/bin/../lib/gcc/arm-none-eabi/7.2.1/../../../../arm-none-eabi/lib/thumb/v7-ar\librdimon.a(rdimon-_kill.o)
 .ARM.attributes
                0x000006c2       0x29 c:/ti/ccs910/ccs/tools/compiler/gcc-arm-none-eabi-7-2017-q4-major-win32/bin/../lib/gcc/arm-none-eabi/7.2.1/../../../../arm-none-eabi/lib/thumb/v7-ar\libc.a(lib_a-errno.o)
 .ARM.attributes
                0x000006eb       0x29 c:/ti/ccs910/ccs/tools/compiler/gcc-arm-none-eabi-7-2017-q4-major-win32/bin/../lib/gcc/arm-none-eabi/7.2.1/thumb/v7-ar/crtend.o
 .ARM.attributes
                0x00000714       0x19 c:/ti/ccs910/ccs/tools/compiler/gcc-arm-none-eabi-7-2017-q4-major-win32/bin/../lib/gcc/arm-none-eabi/7.2.1/thumb/v7-ar/crtn.o

.comment        0x00000000       0x7e
 .comment       0x00000000       0x7e ./hello.o
                                 0x7f (size before relaxing)

.debug_info     0x00000000      0x8db
 .debug_info    0x00000000      0x8b9 ./hello.o
 .debug_info    0x000008b9       0x22 ./startup_ARMCA8.o

.debug_abbrev   0x00000000      0x1a7
 .debug_abbrev  0x00000000      0x195 ./hello.o
 .debug_abbrev  0x00000195       0x12 ./startup_ARMCA8.o

.debug_aranges  0x00000000       0x48
 .debug_aranges
                0x00000000       0x20 ./hello.o
 .debug_aranges
                0x00000020       0x28 ./startup_ARMCA8.o

.debug_line     0x00000000      0x1a6
 .debug_line    0x00000000      0x135 ./hello.o
 .debug_line    0x00000135       0x71 ./startup_ARMCA8.o

.debug_str      0x00000000      0x504
 .debug_str     0x00000000      0x4e1 ./hello.o
                                0x539 (size before relaxing)
 .debug_str     0x000004e1       0x23 ./startup_ARMCA8.o
                                 0x3c (size before relaxing)

.debug_frame    0x00000000      0xe80
 .debug_frame   0x00000000       0x28 ./hello.o
 .debug_frame   0x00000028       0x28 c:/ti/ccs910/ccs/tools/compiler/gcc-arm-none-eabi-7-2017-q4-major-win32/bin/../lib/gcc/arm-none-eabi/7.2.1/../../../../arm-none-eabi/lib/thumb/v7-ar\libg.a(lib_a-exit.o)
 .debug_frame   0x00000050       0x2c c:/ti/ccs910/ccs/tools/compiler/gcc-arm-none-eabi-7-2017-q4-major-win32/bin/../lib/gcc/arm-none-eabi/7.2.1/../../../../arm-none-eabi/lib/thumb/v7-ar\libg.a(lib_a-init.o)
 .debug_frame   0x0000007c       0x38 c:/ti/ccs910/ccs/tools/compiler/gcc-arm-none-eabi-7-2017-q4-major-win32/bin/../lib/gcc/arm-none-eabi/7.2.1/../../../../arm-none-eabi/lib/thumb/v7-ar\libg.a(lib_a-memset.o)
 .debug_frame   0x000000b4       0x48 c:/ti/ccs910/ccs/tools/compiler/gcc-arm-none-eabi-7-2017-q4-major-win32/bin/../lib/gcc/arm-none-eabi/7.2.1/../../../../arm-none-eabi/lib/thumb/v7-ar\libg.a(lib_a-puts.o)
 .debug_frame   0x000000fc       0x20 c:/ti/ccs910/ccs/tools/compiler/gcc-arm-none-eabi-7-2017-q4-major-win32/bin/../lib/gcc/arm-none-eabi/7.2.1/../../../../arm-none-eabi/lib/thumb/v7-ar\libg.a(lib_a-strlen-stub.o)
 .debug_frame   0x0000011c       0x5c c:/ti/ccs910/ccs/tools/compiler/gcc-arm-none-eabi-7-2017-q4-major-win32/bin/../lib/gcc/arm-none-eabi/7.2.1/../../../../arm-none-eabi/lib/thumb/v7-ar\libg.a(lib_a-__call_atexit.o)
 .debug_frame   0x00000178       0x20 c:/ti/ccs910/ccs/tools/compiler/gcc-arm-none-eabi-7-2017-q4-major-win32/bin/../lib/gcc/arm-none-eabi/7.2.1/../../../../arm-none-eabi/lib/thumb/v7-ar\libg.a(lib_a-atexit.o)
 .debug_frame   0x00000198      0x150 c:/ti/ccs910/ccs/tools/compiler/gcc-arm-none-eabi-7-2017-q4-major-win32/bin/../lib/gcc/arm-none-eabi/7.2.1/../../../../arm-none-eabi/lib/thumb/v7-ar\libg.a(lib_a-findfp.o)
 .debug_frame   0x000002e8       0x34 c:/ti/ccs910/ccs/tools/compiler/gcc-arm-none-eabi-7-2017-q4-major-win32/bin/../lib/gcc/arm-none-eabi/7.2.1/../../../../arm-none-eabi/lib/thumb/v7-ar\libg.a(lib_a-fini.o)
 .debug_frame   0x0000031c       0x64 c:/ti/ccs910/ccs/tools/compiler/gcc-arm-none-eabi-7-2017-q4-major-win32/bin/../lib/gcc/arm-none-eabi/7.2.1/../../../../arm-none-eabi/lib/thumb/v7-ar\libg.a(lib_a-fvwrite.o)
 .debug_frame   0x00000380       0x54 c:/ti/ccs910/ccs/tools/compiler/gcc-arm-none-eabi-7-2017-q4-major-win32/bin/../lib/gcc/arm-none-eabi/7.2.1/../../../../arm-none-eabi/lib/thumb/v7-ar\libg.a(lib_a-fwalk.o)
 .debug_frame   0x000003d4       0xb0 c:/ti/ccs910/ccs/tools/compiler/gcc-arm-none-eabi-7-2017-q4-major-win32/bin/../lib/gcc/arm-none-eabi/7.2.1/../../../../arm-none-eabi/lib/thumb/v7-ar\libg.a(lib_a-lock.o)
 .debug_frame   0x00000484       0x60 c:/ti/ccs910/ccs/tools/compiler/gcc-arm-none-eabi-7-2017-q4-major-win32/bin/../lib/gcc/arm-none-eabi/7.2.1/../../../../arm-none-eabi/lib/thumb/v7-ar\libg.a(lib_a-mallocr.o)
 .debug_frame   0x000004e4       0x34 c:/ti/ccs910/ccs/tools/compiler/gcc-arm-none-eabi-7-2017-q4-major-win32/bin/../lib/gcc/arm-none-eabi/7.2.1/../../../../arm-none-eabi/lib/thumb/v7-ar\libg.a(lib_a-memchr-stub.o)
 .debug_frame   0x00000518       0x40 c:/ti/ccs910/ccs/tools/compiler/gcc-arm-none-eabi-7-2017-q4-major-win32/bin/../lib/gcc/arm-none-eabi/7.2.1/../../../../arm-none-eabi/lib/thumb/v7-ar\libg.a(lib_a-memmove.o)
 .debug_frame   0x00000558       0x30 c:/ti/ccs910/ccs/tools/compiler/gcc-arm-none-eabi-7-2017-q4-major-win32/bin/../lib/gcc/arm-none-eabi/7.2.1/../../../../arm-none-eabi/lib/thumb/v7-ar\libg.a(lib_a-mlock.o)
 .debug_frame   0x00000588       0x54 c:/ti/ccs910/ccs/tools/compiler/gcc-arm-none-eabi-7-2017-q4-major-win32/bin/../lib/gcc/arm-none-eabi/7.2.1/../../../../arm-none-eabi/lib/thumb/v7-ar\libg.a(lib_a-reallocr.o)
 .debug_frame   0x000005dc       0x2c c:/ti/ccs910/ccs/tools/compiler/gcc-arm-none-eabi-7-2017-q4-major-win32/bin/../lib/gcc/arm-none-eabi/7.2.1/../../../../arm-none-eabi/lib/thumb/v7-ar\libg.a(lib_a-sbrkr.o)
 .debug_frame   0x00000608       0x88 c:/ti/ccs910/ccs/tools/compiler/gcc-arm-none-eabi-7-2017-q4-major-win32/bin/../lib/gcc/arm-none-eabi/7.2.1/../../../../arm-none-eabi/lib/thumb/v7-ar\libg.a(lib_a-stdio.o)
 .debug_frame   0x00000690       0x2c c:/ti/ccs910/ccs/tools/compiler/gcc-arm-none-eabi-7-2017-q4-major-win32/bin/../lib/gcc/arm-none-eabi/7.2.1/../../../../arm-none-eabi/lib/thumb/v7-ar\libg.a(lib_a-writer.o)
 .debug_frame   0x000006bc       0x2c c:/ti/ccs910/ccs/tools/compiler/gcc-arm-none-eabi-7-2017-q4-major-win32/bin/../lib/gcc/arm-none-eabi/7.2.1/../../../../arm-none-eabi/lib/thumb/v7-ar\libg.a(lib_a-wsetup.o)
 .debug_frame   0x000006e8       0x34 c:/ti/ccs910/ccs/tools/compiler/gcc-arm-none-eabi-7-2017-q4-major-win32/bin/../lib/gcc/arm-none-eabi/7.2.1/../../../../arm-none-eabi/lib/thumb/v7-ar\libg.a(lib_a-__atexit.o)
 .debug_frame   0x0000071c       0x2c c:/ti/ccs910/ccs/tools/compiler/gcc-arm-none-eabi-7-2017-q4-major-win32/bin/../lib/gcc/arm-none-eabi/7.2.1/../../../../arm-none-eabi/lib/thumb/v7-ar\libg.a(lib_a-closer.o)
 .debug_frame   0x00000748       0x3c c:/ti/ccs910/ccs/tools/compiler/gcc-arm-none-eabi-7-2017-q4-major-win32/bin/../lib/gcc/arm-none-eabi/7.2.1/../../../../arm-none-eabi/lib/thumb/v7-ar\libg.a(lib_a-fclose.o)
 .debug_frame   0x00000784       0x5c c:/ti/ccs910/ccs/tools/compiler/gcc-arm-none-eabi-7-2017-q4-major-win32/bin/../lib/gcc/arm-none-eabi/7.2.1/../../../../arm-none-eabi/lib/thumb/v7-ar\libg.a(lib_a-fflush.o)
 .debug_frame   0x000007e0       0x80 c:/ti/ccs910/ccs/tools/compiler/gcc-arm-none-eabi-7-2017-q4-major-win32/bin/../lib/gcc/arm-none-eabi/7.2.1/../../../../arm-none-eabi/lib/thumb/v7-ar\libg.a(lib_a-freer.o)
 .debug_frame   0x00000860       0x2c c:/ti/ccs910/ccs/tools/compiler/gcc-arm-none-eabi-7-2017-q4-major-win32/bin/../lib/gcc/arm-none-eabi/7.2.1/../../../../arm-none-eabi/lib/thumb/v7-ar\libg.a(lib_a-lseekr.o)
 .debug_frame   0x0000088c       0x64 c:/ti/ccs910/ccs/tools/compiler/gcc-arm-none-eabi-7-2017-q4-major-win32/bin/../lib/gcc/arm-none-eabi/7.2.1/../../../../arm-none-eabi/lib/thumb/v7-ar\libg.a(lib_a-makebuf.o)
 .debug_frame   0x000008f0       0x2c c:/ti/ccs910/ccs/tools/compiler/gcc-arm-none-eabi-7-2017-q4-major-win32/bin/../lib/gcc/arm-none-eabi/7.2.1/../../../../arm-none-eabi/lib/thumb/v7-ar\libg.a(lib_a-readr.o)
 .debug_frame   0x0000091c       0x68 c:/ti/ccs910/ccs/tools/compiler/gcc-arm-none-eabi-7-2017-q4-major-win32/bin/../lib/gcc/arm-none-eabi/7.2.1/../../../../arm-none-eabi/lib/thumb/v7-ar\libg.a(lib_a-reent.o)
 .debug_frame   0x00000984       0x2c c:/ti/ccs910/ccs/tools/compiler/gcc-arm-none-eabi-7-2017-q4-major-win32/bin/../lib/gcc/arm-none-eabi/7.2.1/../../../../arm-none-eabi/lib/thumb/v7-ar\libg.a(lib_a-fstatr.o)
 .debug_frame   0x000009b0       0x2c c:/ti/ccs910/ccs/tools/compiler/gcc-arm-none-eabi-7-2017-q4-major-win32/bin/../lib/gcc/arm-none-eabi/7.2.1/../../../../arm-none-eabi/lib/thumb/v7-ar\libg.a(lib_a-isattyr.o)
 .debug_frame   0x000009dc       0x20 c:/ti/ccs910/ccs/tools/compiler/gcc-arm-none-eabi-7-2017-q4-major-win32/bin/../lib/gcc/arm-none-eabi/7.2.1/thumb/v7-ar\libgcc.a(_divsi3.o)
 .debug_frame   0x000009fc      0x414 c:/ti/ccs910/ccs/tools/compiler/gcc-arm-none-eabi-7-2017-q4-major-win32/bin/../lib/gcc/arm-none-eabi/7.2.1/../../../../arm-none-eabi/lib/thumb/v7-ar\librdimon.a(rdimon-syscalls.o)
 .debug_frame   0x00000e10       0x20 c:/ti/ccs910/ccs/tools/compiler/gcc-arm-none-eabi-7-2017-q4-major-win32/bin/../lib/gcc/arm-none-eabi/7.2.1/../../../../arm-none-eabi/lib/thumb/v7-ar\librdimon.a(rdimon-_exit.o)
 .debug_frame   0x00000e30       0x30 c:/ti/ccs910/ccs/tools/compiler/gcc-arm-none-eabi-7-2017-q4-major-win32/bin/../lib/gcc/arm-none-eabi/7.2.1/../../../../arm-none-eabi/lib/thumb/v7-ar\librdimon.a(rdimon-_kill.o)
 .debug_frame   0x00000e60       0x20 c:/ti/ccs910/ccs/tools/compiler/gcc-arm-none-eabi-7-2017-q4-major-win32/bin/../lib/gcc/arm-none-eabi/7.2.1/../../../../arm-none-eabi/lib/thumb/v7-ar\libc.a(lib_a-errno.o)

.debug_ranges   0x00000000       0x20
 .debug_ranges  0x00000000       0x20 ./startup_ARMCA8.o
