******************************************************************************
                  TI ARM Linker PC v18.12.2                    
******************************************************************************
>> Linked Mon Sep 28 14:28:31 2020

OUTPUT FILE NAME:   <ASMtrial1.out>
ENTRY POINT SYMBOL: "_c_int00"  address: 40300868


MEMORY CONFIGURATION

         name            origin    length      used     unused   attr    fill
----------------------  --------  ---------  --------  --------  ----  --------
  SRAM                  402f0400   0000fc00  00000000  0000fc00  RWIX
  L3OCMC0               40300000   00010000  000008f0  0000f710  RWIX
  M3SHUMEM              44d00000   00004000  00000000  00004000  RWIX
  M3SHDMEM              44d80000   00002000  00000000  00002000  RWIX
  DDR0                  80000000   40000000  00000000  40000000  RWIX


SEGMENT ALLOCATION MAP

run origin  load origin   length   init length attrs members
----------  ----------- ---------- ----------- ----- -------
40300000    40300000    00000800   00000000    rw-
  40300000    40300000    00000800   00000000    rw- .stack
40300800    40300800    000000f0   000000f0    r-x
  40300800    40300800    000000f0   000000f0    r-x .text


SECTION ALLOCATION MAP

 output                                  attributes/
section   page    origin      length       input sections
--------  ----  ----------  ----------   ----------------
.stack     0    40300000    00000800     UNINITIALIZED
                  40300000    00000800     --HOLE--

.text      0    40300800    000000f0     
                  40300800    00000068     rtsv7A8_A_le_eabi.lib : autoinit.c.obj (.text:__TI_auto_init_nobinit_nopinit:__TI_auto_init_nobinit_nopinit)
                  40300868    0000003c                           : boot_non_cortex_m.asm.obj (.text)
                  403008a4    00000020                           : args_main.c.obj (.text:_args_main)
                  403008c4    00000018     ASMCODE.obj (.text)
                  403008dc    00000008     rtsv7A8_A_le_eabi.lib : pre_init.c.obj (.text:_system_pre_init)
                  403008e4    00000008                           : exit.c.obj (.text:abort:abort)
                  403008ec    00000004                           : mpu_init.c.obj (.text:__mpu_init)

.cinit     0    40300000    00000000     UNINITIALIZED

.init_array 
*          0    40300000    00000000     UNINITIALIZED

MODULE SUMMARY

       Module                      code   ro data   rw data
       ------                      ----   -------   -------
    .\
       ASMCODE.obj                 24     0         0      
    +--+---------------------------+------+---------+---------+
       Total:                      24     0         0      
                                                           
    C:\ti\ccs910\ccs\tools\compiler\ti-cgt-arm_18.12.2.LTS\lib\rtsv7A8_A_le_eabi.lib
       autoinit.c.obj              104    0         0      
       boot_non_cortex_m.asm.obj   60     0         0      
       args_main.c.obj             32     0         0      
       exit.c.obj                  8      0         0      
       pre_init.c.obj              8      0         0      
       mpu_init.c.obj              4      0         0      
    +--+---------------------------+------+---------+---------+
       Total:                      216    0         0      
                                                           
       Stack:                      0      0         2048   
    +--+---------------------------+------+---------+---------+
       Grand Total:                240    0         2048   


GLOBAL SYMBOLS: SORTED ALPHABETICALLY BY Name 

address   name                          
-------   ----                          
403008e4  C$$EXIT                       
40300800  __STACK_END                   
00000800  __STACK_SIZE                  
UNDEFED   __TI_CINIT_Base               
UNDEFED   __TI_CINIT_Limit              
UNDEFED   __TI_Handler_Table_Base       
UNDEFED   __TI_Handler_Table_Limit      
40300800  __TI_auto_init_nobinit_nopinit
ffffffff  __TI_pprof_out_hndl           
ffffffff  __TI_prof_data_size           
ffffffff  __TI_prof_data_start          
40300000  __TI_static_base__            
ffffffff  __binit__                     
ffffffff  __c_args__                    
403008ec  __mpu_init                    
40300000  __stack                       
403008a4  _args_main                    
40300868  _c_int00                      
UNDEFED   _system_post_cinit            
403008dc  _system_pre_init              
403008e4  abort                         
ffffffff  binit                         
403008c4  main                          


GLOBAL SYMBOLS: SORTED BY Symbol Address 

address   name                          
-------   ----                          
00000800  __STACK_SIZE                  
40300000  __TI_static_base__            
40300000  __stack                       
40300800  __STACK_END                   
40300800  __TI_auto_init_nobinit_nopinit
40300868  _c_int00                      
403008a4  _args_main                    
403008c4  main                          
403008dc  _system_pre_init              
403008e4  C$$EXIT                       
403008e4  abort                         
403008ec  __mpu_init                    
ffffffff  __TI_pprof_out_hndl           
ffffffff  __TI_prof_data_size           
ffffffff  __TI_prof_data_start          
ffffffff  __binit__                     
ffffffff  __c_args__                    
ffffffff  binit                         
UNDEFED   __TI_CINIT_Base               
UNDEFED   __TI_CINIT_Limit              
UNDEFED   __TI_Handler_Table_Base       
UNDEFED   __TI_Handler_Table_Limit      
UNDEFED   _system_post_cinit            

[23 symbols]
